Archive member included to satisfy reference by file (symbol)

c:/st/stm32cubeide_1.10.1/stm32cubeide/plugins/com.st.stm32cube.ide.mcu.externaltools.gnu-tools-for-stm32.10.3-2021.10.win32_1.0.100.202210260954/tools/bin/../lib/gcc/arm-none-eabi/10.3.1/../../../../arm-none-eabi/lib/thumb/v7e-m+fp/hard\libc_nano.a(lib_a-errno.o)
                              ./Core/Src/syscalls.o (__errno)
c:/st/stm32cubeide_1.10.1/stm32cubeide/plugins/com.st.stm32cube.ide.mcu.externaltools.gnu-tools-for-stm32.10.3-2021.10.win32_1.0.100.202210260954/tools/bin/../lib/gcc/arm-none-eabi/10.3.1/../../../../arm-none-eabi/lib/thumb/v7e-m+fp/hard\libc_nano.a(lib_a-exit.o)
                              c:/st/stm32cubeide_1.10.1/stm32cubeide/plugins/com.st.stm32cube.ide.mcu.externaltools.gnu-tools-for-stm32.10.3-2021.10.win32_1.0.100.202210260954/tools/bin/../lib/gcc/arm-none-eabi/10.3.1/../../../../arm-none-eabi/lib/thumb/v7e-m+fp/hard/crt0.o (exit)
c:/st/stm32cubeide_1.10.1/stm32cubeide/plugins/com.st.stm32cube.ide.mcu.externaltools.gnu-tools-for-stm32.10.3-2021.10.win32_1.0.100.202210260954/tools/bin/../lib/gcc/arm-none-eabi/10.3.1/../../../../arm-none-eabi/lib/thumb/v7e-m+fp/hard\libc_nano.a(lib_a-findfp.o)
                              ./Middlewares/Third_Party/FreeRTOS/Source/tasks.o (__sf_fake_stderr)
c:/st/stm32cubeide_1.10.1/stm32cubeide/plugins/com.st.stm32cube.ide.mcu.externaltools.gnu-tools-for-stm32.10.3-2021.10.win32_1.0.100.202210260954/tools/bin/../lib/gcc/arm-none-eabi/10.3.1/../../../../arm-none-eabi/lib/thumb/v7e-m+fp/hard\libc_nano.a(lib_a-fwalk.o)
                              c:/st/stm32cubeide_1.10.1/stm32cubeide/plugins/com.st.stm32cube.ide.mcu.externaltools.gnu-tools-for-stm32.10.3-2021.10.win32_1.0.100.202210260954/tools/bin/../lib/gcc/arm-none-eabi/10.3.1/../../../../arm-none-eabi/lib/thumb/v7e-m+fp/hard\libc_nano.a(lib_a-findfp.o) (_fwalk)
c:/st/stm32cubeide_1.10.1/stm32cubeide/plugins/com.st.stm32cube.ide.mcu.externaltools.gnu-tools-for-stm32.10.3-2021.10.win32_1.0.100.202210260954/tools/bin/../lib/gcc/arm-none-eabi/10.3.1/../../../../arm-none-eabi/lib/thumb/v7e-m+fp/hard\libc_nano.a(lib_a-impure.o)
                              c:/st/stm32cubeide_1.10.1/stm32cubeide/plugins/com.st.stm32cube.ide.mcu.externaltools.gnu-tools-for-stm32.10.3-2021.10.win32_1.0.100.202210260954/tools/bin/../lib/gcc/arm-none-eabi/10.3.1/../../../../arm-none-eabi/lib/thumb/v7e-m+fp/hard\libc_nano.a(lib_a-exit.o) (_global_impure_ptr)
c:/st/stm32cubeide_1.10.1/stm32cubeide/plugins/com.st.stm32cube.ide.mcu.externaltools.gnu-tools-for-stm32.10.3-2021.10.win32_1.0.100.202210260954/tools/bin/../lib/gcc/arm-none-eabi/10.3.1/../../../../arm-none-eabi/lib/thumb/v7e-m+fp/hard\libc_nano.a(lib_a-init.o)
                              c:/st/stm32cubeide_1.10.1/stm32cubeide/plugins/com.st.stm32cube.ide.mcu.externaltools.gnu-tools-for-stm32.10.3-2021.10.win32_1.0.100.202210260954/tools/bin/../lib/gcc/arm-none-eabi/10.3.1/../../../../arm-none-eabi/lib/thumb/v7e-m+fp/hard/crt0.o (__libc_init_array)
c:/st/stm32cubeide_1.10.1/stm32cubeide/plugins/com.st.stm32cube.ide.mcu.externaltools.gnu-tools-for-stm32.10.3-2021.10.win32_1.0.100.202210260954/tools/bin/../lib/gcc/arm-none-eabi/10.3.1/../../../../arm-none-eabi/lib/thumb/v7e-m+fp/hard\libc_nano.a(lib_a-lock.o)
                              c:/st/stm32cubeide_1.10.1/stm32cubeide/plugins/com.st.stm32cube.ide.mcu.externaltools.gnu-tools-for-stm32.10.3-2021.10.win32_1.0.100.202210260954/tools/bin/../lib/gcc/arm-none-eabi/10.3.1/../../../../arm-none-eabi/lib/thumb/v7e-m+fp/hard\libc_nano.a(lib_a-findfp.o) (__retarget_lock_init_recursive)
c:/st/stm32cubeide_1.10.1/stm32cubeide/plugins/com.st.stm32cube.ide.mcu.externaltools.gnu-tools-for-stm32.10.3-2021.10.win32_1.0.100.202210260954/tools/bin/../lib/gcc/arm-none-eabi/10.3.1/../../../../arm-none-eabi/lib/thumb/v7e-m+fp/hard\libc_nano.a(lib_a-memcpy-stub.o)
                              ./Middlewares/Third_Party/FreeRTOS/Source/queue.o (memcpy)
c:/st/stm32cubeide_1.10.1/stm32cubeide/plugins/com.st.stm32cube.ide.mcu.externaltools.gnu-tools-for-stm32.10.3-2021.10.win32_1.0.100.202210260954/tools/bin/../lib/gcc/arm-none-eabi/10.3.1/../../../../arm-none-eabi/lib/thumb/v7e-m+fp/hard\libc_nano.a(lib_a-memset.o)
                              c:/st/stm32cubeide_1.10.1/stm32cubeide/plugins/com.st.stm32cube.ide.mcu.externaltools.gnu-tools-for-stm32.10.3-2021.10.win32_1.0.100.202210260954/tools/bin/../lib/gcc/arm-none-eabi/10.3.1/../../../../arm-none-eabi/lib/thumb/v7e-m+fp/hard/crt0.o (memset)
c:/st/stm32cubeide_1.10.1/stm32cubeide/plugins/com.st.stm32cube.ide.mcu.externaltools.gnu-tools-for-stm32.10.3-2021.10.win32_1.0.100.202210260954/tools/bin/../lib/gcc/arm-none-eabi/10.3.1/../../../../arm-none-eabi/lib/thumb/v7e-m+fp/hard\libc_nano.a(lib_a-nano-mallocr.o)
[...]
Memory Configuration

Name             Origin             Length             Attributes
RAM              0x0000000020000000 0x0000000000020000 xrw
FLASH            0x0000000008000000 0x0000000000080000 xr
*default*        0x0000000000000000 0xffffffffffffffff

Linker script and memory map

LOAD c:/st/stm32cubeide_1.10.1/stm32cubeide/plugins/com.st.stm32cube.ide.mcu.externaltools.gnu-tools-for-stm32.10.3-2021.10.win32_1.0.100.202210260954/tools/bin/../lib/gcc/arm-none-eabi/10.3.1/thumb/v7e-m+fp/hard/crti.o
LOAD c:/st/stm32cubeide_1.10.1/stm32cubeide/plugins/com.st.stm32cube.ide.mcu.externaltools.gnu-tools-for-stm32.10.3-2021.10.win32_1.0.100.202210260954/tools/bin/../lib/gcc/arm-none-eabi/10.3.1/thumb/v7e-m+fp/hard/crtbegin.o
LOAD c:/st/stm32cubeide_1.10.1/stm32cubeide/plugins/com.st.stm32cube.ide.mcu.externaltools.gnu-tools-for-stm32.10.3-2021.10.win32_1.0.100.202210260954/tools/bin/../lib/gcc/arm-none-eabi/10.3.1/../../../../arm-none-eabi/lib/thumb/v7e-m+fp/hard/crt0.o
LOAD ./Core/Src/CANSPI.o
LOAD ./Core/Src/ILI9341_GFX.o
LOAD ./Core/Src/ILI9341_STM32_Driver.o
LOAD ./Core/Src/MCP2515.o
LOAD ./Core/Src/animation.o
LOAD ./Core/Src/canTask.o
LOAD ./Core/Src/fonts.o
LOAD ./Core/Src/freertos.o
LOAD ./Core/Src/main.o
LOAD ./Core/Src/stm32f4xx_hal_msp.o
LOAD ./Core/Src/stm32f4xx_hal_timebase_tim.o
LOAD ./Core/Src/stm32f4xx_it.o
LOAD ./Core/Src/syscalls.o
LOAD ./Core/Src/sysmem.o
LOAD ./Core/Src/system_stm32f4xx.o
LOAD ./Core/Startup/startup_stm32f446retx.o
LOAD ./Drivers/STM32F4xx_HAL_Driver/Src/stm32f4xx_hal.o
LOAD ./Drivers/STM32F4xx_HAL_Driver/Src/stm32f4xx_hal_cortex.o
LOAD ./Drivers/STM32F4xx_HAL_Driver/Src/stm32f4xx_hal_dma.o
LOAD ./Drivers/STM32F4xx_HAL_Driver/Src/stm32f4xx_hal_dma_ex.o
LOAD ./Drivers/STM32F4xx_HAL_Driver/Src/stm32f4xx_hal_exti.o
LOAD ./Drivers/STM32F4xx_HAL_Driver/Src/stm32f4xx_hal_flash.o
LOAD ./Drivers/STM32F4xx_HAL_Driver/Src/stm32f4xx_hal_flash_ex.o
LOAD ./Drivers/STM32F4xx_HAL_Driver/Src/stm32f4xx_hal_flash_ramfunc.o
LOAD ./Drivers/STM32F4xx_HAL_Driver/Src/stm32f4xx_hal_gpio.o
LOAD ./Drivers/STM32F4xx_HAL_Driver/Src/stm32f4xx_hal_pwr.o
LOAD ./Drivers/STM32F4xx_HAL_Driver/Src/stm32f4xx_hal_pwr_ex.o
LOAD ./Drivers/STM32F4xx_HAL_Driver/Src/stm32f4xx_hal_rcc.o
LOAD ./Drivers/STM32F4xx_HAL_Driver/Src/stm32f4xx_hal_rcc_ex.o
LOAD ./Drivers/STM32F4xx_HAL_Driver/Src/stm32f4xx_hal_rtc.o
LOAD ./Drivers/STM32F4xx_HAL_Driver/Src/stm32f4xx_hal_rtc_ex.o
LOAD ./Drivers/STM32F4xx_HAL_Driver/Src/stm32f4xx_hal_spi.o
LOAD ./Drivers/STM32F4xx_HAL_Driver/Src/stm32f4xx_hal_tim.o
LOAD ./Drivers/STM32F4xx_HAL_Driver/Src/stm32f4xx_hal_tim_ex.o
LOAD ./Drivers/STM32F4xx_HAL_Driver/Src/stm32f4xx_hal_uart.o
LOAD ./Middlewares/Third_Party/FreeRTOS/Source/CMSIS_RTOS/cmsis_os.o
LOAD ./Middlewares/Third_Party/FreeRTOS/Source/croutine.o
LOAD ./Middlewares/Third_Party/FreeRTOS/Source/event_groups.o
LOAD ./Middlewares/Third_Party/FreeRTOS/Source/list.o
LOAD ./Middlewares/Third_Party/FreeRTOS/Source/queue.o
LOAD ./Middlewares/Third_Party/FreeRTOS/Source/stream_buffer.o
LOAD ./Middlewares/Third_Party/FreeRTOS/Source/tasks.o
LOAD ./Middlewares/Third_Party/FreeRTOS/Source/timers.o
LOAD ./Middlewares/Third_Party/FreeRTOS/Source/portable/GCC/ARM_CM4F/port.o
LOAD ./Middlewares/Third_Party/FreeRTOS/Source/portable/MemMang/heap_4.o
START GROUP
LOAD c:/st/stm32cubeide_1.10.1/stm32cubeide/plugins/com.st.stm32cube.ide.mcu.externaltools.gnu-tools-for-stm32.10.3-2021.10.win32_1.0.100.202210260954/tools/bin/../lib/gcc/arm-none-eabi/10.3.1/../../../../arm-none-eabi/lib/thumb/v7e-m+fp/hard\libc_nano.a
LOAD c:/st/stm32cubeide_1.10.1/stm32cubeide/plugins/com.st.stm32cube.ide.mcu.externaltools.gnu-tools-for-stm32.10.3-2021.10.win32_1.0.100.202210260954/tools/bin/../lib/gcc/arm-none-eabi/10.3.1/../../../../arm-none-eabi/lib/thumb/v7e-m+fp/hard\libm.a
END GROUP
START GROUP
LOAD c:/st/stm32cubeide_1.10.1/stm32cubeide/plugins/com.st.stm32cube.ide.mcu.externaltools.gnu-tools-for-stm32.10.3-2021.10.win32_1.0.100.202210260954/tools/bin/../lib/gcc/arm-none-eabi/10.3.1/thumb/v7e-m+fp/hard\libgcc.a
LOAD c:/st/stm32cubeide_1.10.1/stm32cubeide/plugins/com.st.stm32cube.ide.mcu.externaltools.gnu-tools-for-stm32.10.3-2021.10.win32_1.0.100.202210260954/tools/bin/../lib/gcc/arm-none-eabi/10.3.1/../../../../arm-none-eabi/lib/thumb/v7e-m+fp/hard\libc_nano.a
END GROUP
START GROUP
LOAD c:/st/stm32cubeide_1.10.1/stm32cubeide/plugins/com.st.stm32cube.ide.mcu.externaltools.gnu-tools-for-stm32.10.3-2021.10.win32_1.0.100.202210260954/tools/bin/../lib/gcc/arm-none-eabi/10.3.1/thumb/v7e-m+fp/hard\libgcc.a
LOAD c:/st/stm32cubeide_1.10.1/stm32cubeide/plugins/com.st.stm32cube.ide.mcu.externaltools.gnu-tools-for-stm32.10.3-2021.10.win32_1.0.100.202210260954/tools/bin/../lib/gcc/arm-none-eabi/10.3.1/../../../../arm-none-eabi/lib/thumb/v7e-m+fp/hard\libc_nano.a
LOAD c:/st/stm32cubeide_1.10.1/stm32cubeide/plugins/com.st.stm32cube.ide.mcu.externaltools.gnu-tools-for-stm32.10.3-2021.10.win32_1.0.100.202210260954/tools/bin/../lib/gcc/arm-none-eabi/10.3.1/../../../../arm-none-eabi/lib/thumb/v7e-m+fp/hard\libnosys.a
END GROUP
START GROUP
LOAD c:/st/stm32cubeide_1.10.1/stm32cubeide/plugins/com.st.stm32cube.ide.mcu.externaltools.gnu-tools-for-stm32.10.3-2021.10.win32_1.0.100.202210260954/tools/bin/../lib/gcc/arm-none-eabi/10.3.1/thumb/v7e-m+fp/hard\libgcc.a
LOAD c:/st/stm32cubeide_1.10.1/stm32cubeide/plugins/com.st.stm32cube.ide.mcu.externaltools.gnu-tools-for-stm32.10.3-2021.10.win32_1.0.100.202210260954/tools/bin/../lib/gcc/arm-none-eabi/10.3.1/../../../../arm-none-eabi/lib/thumb/v7e-m+fp/hard\libc_nano.a
LOAD c:/st/stm32cubeide_1.10.1/stm32cubeide/plugins/com.st.stm32cube.ide.mcu.externaltools.gnu-tools-for-stm32.10.3-2021.10.win32_1.0.100.202210260954/tools/bin/../lib/gcc/arm-none-eabi/10.3.1/../../../../arm-none-eabi/lib/thumb/v7e-m+fp/hard\libnosys.a
END GROUP
LOAD c:/st/stm32cubeide_1.10.1/stm32cubeide/plugins/com.st.stm32cube.ide.mcu.externaltools.gnu-tools-for-stm32.10.3-2021.10.win32_1.0.100.202210260954/tools/bin/../lib/gcc/arm-none-eabi/10.3.1/thumb/v7e-m+fp/hard/crtend.o
LOAD c:/st/stm32cubeide_1.10.1/stm32cubeide/plugins/com.st.stm32cube.ide.mcu.externaltools.gnu-tools-for-stm32.10.3-2021.10.win32_1.0.100.202210260954/tools/bin/../lib/gcc/arm-none-eabi/10.3.1/thumb/v7e-m+fp/hard/crtn.o
                0x0000000020020000                _estack = (ORIGIN (RAM) + LENGTH (RAM))
                0x0000000000000200                _Min_Heap_Size = 0x200
                0x0000000000000400                _Min_Stack_Size = 0x400

.isr_vector     0x0000000008000000      0x1c4
                0x0000000008000000                . = ALIGN (0x4)
 *(.isr_vector)
 .isr_vector    0x0000000008000000      0x1c4 ./Core/Startup/startup_stm32f446retx.o
                0x0000000008000000                g_pfnVectors
                0x00000000080001c4                . = ALIGN (0x4)

.text           0x00000000080001d0     0x90f8
                0x00000000080001d0                . = ALIGN (0x4)
 *(.text)
 .text          0x00000000080001d0       0x40 c:/st/stm32cubeide_1.10.1/stm32cubeide/plugins/com.st.stm32cube.ide.mcu.externaltools.gnu-tools-for-stm32.10.3-2021.10.win32_1.0.100.202210260954/tools/bin/../lib/gcc/arm-none-eabi/10.3.1/thumb/v7e-m+fp/hard/crtbegin.o
 .text          0x0000000008000210       0xa0 c:/st/stm32cubeide_1.10.1/stm32cubeide/plugins/com.st.stm32cube.ide.mcu.externaltools.gnu-tools-for-stm32.10.3-2021.10.win32_1.0.100.202210260954/tools/bin/../lib/gcc/arm-none-eabi/10.3.1/../../../../arm-none-eabi/lib/thumb/v7e-m+fp/hard\libc_nano.a(lib_a-memchr.o)
                0x0000000008000210                memchr
 .text          0x00000000080002b0       0x30 c:/st/stm32cubeide_1.10.1/stm32cubeide/plugins/com.st.stm32cube.ide.mcu.externaltools.gnu-tools-for-stm32.10.3-2021.10.win32_1.0.100.202210260954/tools/bin/../lib/gcc/arm-none-eabi/10.3.1/thumb/v7e-m+fp/hard\libgcc.a(_aeabi_uldivmod.o)
                0x00000000080002b0                __aeabi_uldivmod
 .text          0x00000000080002e0      0x2d0 c:/st/stm32cubeide_1.10.1/stm32cubeide/plugins/com.st.stm32cube.ide.mcu.externaltools.gnu-tools-for-stm32.10.3-2021.10.win32_1.0.100.202210260954/tools/bin/../lib/gcc/arm-none-eabi/10.3.1/thumb/v7e-m+fp/hard\libgcc.a(_udivmoddi4.o)
                0x00000000080002e0                __udivmoddi4
 .text          0x00000000080005b0        0x4 c:/st/stm32cubeide_1.10.1/stm32cubeide/plugins/com.st.stm32cube.ide.mcu.externaltools.gnu-tools-for-stm32.10.3-2021.10.win32_1.0.100.202210260954/tools/bin/../lib/gcc/arm-none-eabi/10.3.1/thumb/v7e-m+fp/hard\libgcc.a(_dvmd_tls.o)
                0x00000000080005b0                __aeabi_idiv0
                0x00000000080005b0                __aeabi_ldiv0
 *(.text*)
 .text.CANSPI_Initialize
                0x00000000080005b4      0x160 ./Core/Src/CANSPI.o
                0x00000000080005b4                CANSPI_Initialize
 .text.CANSPI_Transmit
                0x0000000008000714       0xf0 ./Core/Src/CANSPI.o
                0x0000000008000714                CANSPI_Transmit
 .text.CANSPI_Receive
                0x0000000008000804       0xf8 ./Core/Src/CANSPI.o
                0x0000000008000804                CANSPI_Receive
 .text.convertReg2ExtendedCANid
                0x00000000080008fc       0x7c ./Core/Src/CANSPI.o
 .text.convertReg2StandardCANid
                0x0000000008000978       0x3a ./Core/Src/CANSPI.o
 .text.convertCANid2Reg
                0x00000000080009b2       0xaa ./Core/Src/CANSPI.o
 .text.ILI9341_DrawHollowCircle
                0x0000000008000a5c      0x16c ./Core/Src/ILI9341_GFX.o
                0x0000000008000a5c                ILI9341_DrawHollowCircle
 .text.ILI9341_DrawChar
                0x0000000008000bc8       0xea ./Core/Src/ILI9341_GFX.o
                0x0000000008000bc8                ILI9341_DrawChar
 .text.ILI9341_DrawText
                0x0000000008000cb2       0x92 ./Core/Src/ILI9341_GFX.o
                0x0000000008000cb2                ILI9341_DrawText
 .text.HAL_SPI_TxCpltCallback
                0x0000000008000d44       0x2c ./Core/Src/ILI9341_STM32_Driver.o
                0x0000000008000d44                HAL_SPI_TxCpltCallback
 .text.ILI9341_SPI_Tx
                0x0000000008000d70       0x34 ./Core/Src/ILI9341_STM32_Driver.o
 .text.ILI9341_SPI_TxBuffer
                0x0000000008000da4       0x34 ./Core/Src/ILI9341_STM32_Driver.o
 .text.ILI9341_WriteCommand
                0x0000000008000dd8       0x34 ./Core/Src/ILI9341_STM32_Driver.o
                0x0000000008000dd8                ILI9341_WriteCommand
 .text.ILI9341_WriteData
                0x0000000008000e0c       0x34 ./Core/Src/ILI9341_STM32_Driver.o
                0x0000000008000e0c                ILI9341_WriteData
 .text.ILI9341_WriteBuffer
                0x0000000008000e40       0x38 ./Core/Src/ILI9341_STM32_Driver.o
                0x0000000008000e40                ILI9341_WriteBuffer
 .text.ILI9341_SetAddress
                0x0000000008000e78       0x90 ./Core/Src/ILI9341_STM32_Driver.o
                0x0000000008000e78                ILI9341_SetAddress
 .text.ILI9341_Reset
                0x0000000008000f08       0x40 ./Core/Src/ILI9341_STM32_Driver.o
                0x0000000008000f08                ILI9341_Reset
 .text.ILI9341_Enable
                0x0000000008000f48       0x18 ./Core/Src/ILI9341_STM32_Driver.o
                0x0000000008000f48                ILI9341_Enable
 .text.ILI9341_Init
                0x0000000008000f60      0x214 ./Core/Src/ILI9341_STM32_Driver.o
                0x0000000008000f60                ILI9341_Init
 .text.ILI9341_SetRotation
                0x0000000008001174       0xa0 ./Core/Src/ILI9341_STM32_Driver.o
                0x0000000008001174                ILI9341_SetRotation
 .text.ILI9341_DrawColorBurst
                0x0000000008001214      0x134 ./Core/Src/ILI9341_STM32_Driver.o
                0x0000000008001214                ILI9341_DrawColorBurst
 .text.ILI9341_FillScreen
                0x0000000008001348       0x4c ./Core/Src/ILI9341_STM32_Driver.o
                0x0000000008001348                ILI9341_FillScreen
 .text.ILI9341_DrawPixel
                0x0000000008001394       0xcc ./Core/Src/ILI9341_STM32_Driver.o
                0x0000000008001394                ILI9341_DrawPixel
 .text.ILI9341_DrawRectangle
                0x0000000008001460       0xb8 ./Core/Src/ILI9341_STM32_Driver.o
                0x0000000008001460                ILI9341_DrawRectangle
 .text.ILI9341_DrawHLine
                0x0000000008001518       0x88 ./Core/Src/ILI9341_STM32_Driver.o
                0x0000000008001518                ILI9341_DrawHLine
 .text.ILI9341_DrawVLine
                0x00000000080015a0       0x88 ./Core/Src/ILI9341_STM32_Driver.o
                0x00000000080015a0                ILI9341_DrawVLine
 .text.MCP2515_Initialize
                0x0000000008001628       0x44 ./Core/Src/MCP2515.o
                0x0000000008001628                MCP2515_Initialize
 .text.MCP2515_SetConfigMode
                0x000000000800166c       0x3c ./Core/Src/MCP2515.o
                0x000000000800166c                MCP2515_SetConfigMode
 .text.MCP2515_SetNormalMode
                0x00000000080016a8       0x3c ./Core/Src/MCP2515.o
                0x00000000080016a8                MCP2515_SetNormalMode
 .text.MCP2515_ReadByte
                0x00000000080016e4       0x44 ./Core/Src/MCP2515.o
                0x00000000080016e4                MCP2515_ReadByte
 .text.MCP2515_ReadRxSequence
                0x0000000008001728       0x44 ./Core/Src/MCP2515.o
                0x0000000008001728                MCP2515_ReadRxSequence
 .text.MCP2515_WriteByte
                0x000000000800176c       0x48 ./Core/Src/MCP2515.o
                0x000000000800176c                MCP2515_WriteByte
 .text.MCP2515_WriteByteSequence
                0x00000000080017b4       0x54 ./Core/Src/MCP2515.o
                0x00000000080017b4                MCP2515_WriteByteSequence
 .text.MCP2515_LoadTxSequence
                0x0000000008001808       0x54 ./Core/Src/MCP2515.o
                0x0000000008001808                MCP2515_LoadTxSequence
 .text.MCP2515_RequestToSend
                0x000000000800185c       0x34 ./Core/Src/MCP2515.o
                0x000000000800185c                MCP2515_RequestToSend
 .text.MCP2515_ReadStatus
                0x0000000008001890       0x38 ./Core/Src/MCP2515.o
                0x0000000008001890                MCP2515_ReadStatus
 .text.MCP2515_GetRxStatus
                0x00000000080018c8       0x38 ./Core/Src/MCP2515.o
                0x00000000080018c8                MCP2515_GetRxStatus
 .text.SPI_Tx   0x0000000008001900       0x24 ./Core/Src/MCP2515.o
 .text.SPI_TxBuffer
                0x0000000008001924       0x28 ./Core/Src/MCP2515.o
 .text.SPI_Rx   0x000000000800194c       0x20 ./Core/Src/MCP2515.o
 .text.SPI_RxBuffer
                0x000000000800196c       0x28 ./Core/Src/MCP2515.o
 .text.MD_Intro
                0x0000000008001994       0xa4 ./Core/Src/animation.o
                0x0000000008001994                MD_Intro
 .text.MD_Start
                0x0000000008001a38       0xa4 ./Core/Src/animation.o
                0x0000000008001a38                MD_Start
 .text.MD_MainMenu
                0x0000000008001adc       0x9c ./Core/Src/animation.o
                0x0000000008001adc                MD_MainMenu
 .text.MD_TimeSet
                0x0000000008001b78       0x74 ./Core/Src/animation.o
                0x0000000008001b78                MD_TimeSet
 .text.MD_TimerConfig
                0x0000000008001bec       0x78 ./Core/Src/animation.o
                0x0000000008001bec                MD_TimerConfig
 .text.MD_SetAlarm
                0x0000000008001c64       0x84 ./Core/Src/animation.o
                0x0000000008001c64                MD_SetAlarm
 .text.MD_IsAlarm
                0x0000000008001ce8       0x54 ./Core/Src/animation.o
                0x0000000008001ce8                MD_IsAlarm
 .text.irfCanTask
                0x0000000008001d3c      0x394 ./Core/Src/canTask.o
                0x0000000008001d3c                irfCanTask
 .text.canTx    0x00000000080020d0       0x34 ./Core/Src/canTask.o
                0x00000000080020d0                canTx
 .text.vApplicationGetIdleTaskMemory
                0x0000000008002104       0x34 ./Core/Src/freertos.o
                0x0000000008002104                vApplicationGetIdleTaskMemory
 .text.main     0x0000000008002138      0x104 ./Core/Src/main.o
                0x0000000008002138                main
 .text.SystemClock_Config
                0x000000000800223c       0xec ./Core/Src/main.o
                0x000000000800223c                SystemClock_Config
 .text.MX_RTC_Init
                0x0000000008002328      0x118 ./Core/Src/main.o
 .text.MX_SPI1_Init
                0x0000000008002440       0x6c ./Core/Src/main.o
 .text.MX_SPI3_Init
                0x00000000080024ac       0x6c ./Core/Src/main.o
 .text.MX_USART2_UART_Init
                0x0000000008002518       0x54 ./Core/Src/main.o
 .text.MX_DMA_Init
                0x000000000800256c       0x40 ./Core/Src/main.o
 .text.MX_GPIO_Init
                0x00000000080025ac      0x130 ./Core/Src/main.o
 .text.timerTask
                0x00000000080026dc       0x9c ./Core/Src/main.o
                0x00000000080026dc                timerTask
 .text.canTask  0x0000000008002778       0xdc ./Core/Src/main.o
                0x0000000008002778                canTask
 .text.HAL_TIM_PeriodElapsedCallback
                0x0000000008002854       0x1e ./Core/Src/main.o
                0x0000000008002854                HAL_TIM_PeriodElapsedCallback
 .text.Error_Handler
                0x0000000008002872        0xa ./Core/Src/main.o
                0x0000000008002872                Error_Handler
 .text.HAL_MspInit
                0x000000000800287c       0x58 ./Core/Src/stm32f4xx_hal_msp.o
                0x000000000800287c                HAL_MspInit
 .text.HAL_RTC_MspInit
                0x00000000080028d4       0x64 ./Core/Src/stm32f4xx_hal_msp.o
                0x00000000080028d4                HAL_RTC_MspInit
 .text.HAL_SPI_MspInit
                0x0000000008002938      0x170 ./Core/Src/stm32f4xx_hal_msp.o
                0x0000000008002938                HAL_SPI_MspInit
 .text.HAL_UART_MspInit
                0x0000000008002aa8       0x90 ./Core/Src/stm32f4xx_hal_msp.o
                0x0000000008002aa8                HAL_UART_MspInit
 .text.HAL_InitTick
                0x0000000008002b38       0xf8 ./Core/Src/stm32f4xx_hal_timebase_tim.o
                0x0000000008002b38                HAL_InitTick
 .text.NMI_Handler
                0x0000000008002c30        0x6 ./Core/Src/stm32f4xx_it.o
                0x0000000008002c30                NMI_Handler
 .text.HardFault_Handler
                0x0000000008002c36        0x6 ./Core/Src/stm32f4xx_it.o
                0x0000000008002c36                HardFault_Handler
 .text.MemManage_Handler
                0x0000000008002c3c        0x6 ./Core/Src/stm32f4xx_it.o
                0x0000000008002c3c                MemManage_Handler
 .text.BusFault_Handler
                0x0000000008002c42        0x6 ./Core/Src/stm32f4xx_it.o
                0x0000000008002c42                BusFault_Handler
 .text.UsageFault_Handler
                0x0000000008002c48        0x6 ./Core/Src/stm32f4xx_it.o
                0x0000000008002c48                UsageFault_Handler
 .text.DebugMon_Handler
                0x0000000008002c4e        0xe ./Core/Src/stm32f4xx_it.o
                0x0000000008002c4e                DebugMon_Handler
 .text.TIM2_IRQHandler
                0x0000000008002c5c       0x14 ./Core/Src/stm32f4xx_it.o
                0x0000000008002c5c                TIM2_IRQHandler
 .text.SPI1_IRQHandler
                0x0000000008002c70       0x14 ./Core/Src/stm32f4xx_it.o
                0x0000000008002c70                SPI1_IRQHandler
 .text.EXTI15_10_IRQHandler
                0x0000000008002c84       0x10 ./Core/Src/stm32f4xx_it.o
                0x0000000008002c84                EXTI15_10_IRQHandler
 .text.RTC_Alarm_IRQHandler
                0x0000000008002c94       0x14 ./Core/Src/stm32f4xx_it.o
                0x0000000008002c94                RTC_Alarm_IRQHandler
 .text.DMA2_Stream3_IRQHandler
                0x0000000008002ca8       0x14 ./Core/Src/stm32f4xx_it.o
                0x0000000008002ca8                DMA2_Stream3_IRQHandler
 .text._sbrk    0x0000000008002cbc       0x6c ./Core/Src/sysmem.o
                0x0000000008002cbc                _sbrk
 .text.SystemInit
                0x0000000008002d28       0x24 ./Core/Src/system_stm32f4xx.o
                0x0000000008002d28                SystemInit
 .text.Reset_Handler
                0x0000000008002d4c       0x50 ./Core/Startup/startup_stm32f446retx.o
                0x0000000008002d4c                Reset_Handler
 .text.Default_Handler
                0x0000000008002d9c        0x2 ./Core/Startup/startup_stm32f446retx.o
                0x0000000008002d9c                EXTI2_IRQHandler
                0x0000000008002d9c                TIM8_CC_IRQHandler
                0x0000000008002d9c                FMPI2C1_EV_IRQHandler
                0x0000000008002d9c                SPI4_IRQHandler
                0x0000000008002d9c                TIM1_CC_IRQHandler
                0x0000000008002d9c                DMA2_Stream5_IRQHandler
                0x0000000008002d9c                DMA1_Stream5_IRQHandler
                0x0000000008002d9c                PVD_IRQHandler
                0x0000000008002d9c                SDIO_IRQHandler
                0x0000000008002d9c                TAMP_STAMP_IRQHandler
                0x0000000008002d9c                CAN2_RX1_IRQHandler
                0x0000000008002d9c                EXTI3_IRQHandler
                0x0000000008002d9c                TIM8_TRG_COM_TIM14_IRQHandler
                0x0000000008002d9c                TIM1_UP_TIM10_IRQHandler
                0x0000000008002d9c                TIM8_UP_TIM13_IRQHandler
                0x0000000008002d9c                I2C3_ER_IRQHandler
                0x0000000008002d9c                EXTI0_IRQHandler
                0x0000000008002d9c                I2C2_EV_IRQHandler
                0x0000000008002d9c                DMA1_Stream2_IRQHandler
                0x0000000008002d9c                CAN1_RX0_IRQHandler
                0x0000000008002d9c                FPU_IRQHandler
                0x0000000008002d9c                OTG_HS_WKUP_IRQHandler
                0x0000000008002d9c                CAN2_SCE_IRQHandler
                0x0000000008002d9c                DMA2_Stream2_IRQHandler
                0x0000000008002d9c                TIM6_DAC_IRQHandler
                0x0000000008002d9c                TIM1_BRK_TIM9_IRQHandler
                0x0000000008002d9c                DCMI_IRQHandler
                0x0000000008002d9c                CAN2_RX0_IRQHandler
                0x0000000008002d9c                SAI2_IRQHandler
                0x0000000008002d9c                USART6_IRQHandler
                0x0000000008002d9c                USART3_IRQHandler
                0x0000000008002d9c                CAN1_RX1_IRQHandler
                0x0000000008002d9c                UART5_IRQHandler
                0x0000000008002d9c                DMA2_Stream0_IRQHandler
                0x0000000008002d9c                TIM4_IRQHandler
                0x0000000008002d9c                QUADSPI_IRQHandler
                0x0000000008002d9c                I2C1_EV_IRQHandler
                0x0000000008002d9c                DMA1_Stream6_IRQHandler
                0x0000000008002d9c                DMA1_Stream1_IRQHandler
                0x0000000008002d9c                UART4_IRQHandler
                0x0000000008002d9c                TIM3_IRQHandler
                0x0000000008002d9c                RCC_IRQHandler
                0x0000000008002d9c                TIM8_BRK_TIM12_IRQHandler
                0x0000000008002d9c                Default_Handler
                0x0000000008002d9c                CEC_IRQHandler
                0x0000000008002d9c                ADC_IRQHandler
                0x0000000008002d9c                DMA1_Stream7_IRQHandler
                0x0000000008002d9c                TIM7_IRQHandler
                0x0000000008002d9c                CAN2_TX_IRQHandler
                0x0000000008002d9c                TIM5_IRQHandler
                0x0000000008002d9c                DMA2_Stream7_IRQHandler
                0x0000000008002d9c                I2C3_EV_IRQHandler
                0x0000000008002d9c                EXTI9_5_IRQHandler
                0x0000000008002d9c                RTC_WKUP_IRQHandler
                0x0000000008002d9c                SPDIF_RX_IRQHandler
                0x0000000008002d9c                SPI2_IRQHandler
                0x0000000008002d9c                OTG_HS_EP1_IN_IRQHandler
                0x0000000008002d9c                DMA1_Stream0_IRQHandler
                0x0000000008002d9c                CAN1_TX_IRQHandler
                0x0000000008002d9c                FMPI2C1_ER_IRQHandler
                0x0000000008002d9c                EXTI4_IRQHandler
                0x0000000008002d9c                OTG_HS_EP1_OUT_IRQHandler
                0x0000000008002d9c                WWDG_IRQHandler
                0x0000000008002d9c                OTG_FS_WKUP_IRQHandler
                0x0000000008002d9c                TIM1_TRG_COM_TIM11_IRQHandler
                0x0000000008002d9c                OTG_HS_IRQHandler
                0x0000000008002d9c                EXTI1_IRQHandler
                0x0000000008002d9c                USART2_IRQHandler
                0x0000000008002d9c                I2C2_ER_IRQHandler
                0x0000000008002d9c                DMA2_Stream1_IRQHandler
                0x0000000008002d9c                CAN1_SCE_IRQHandler
                0x0000000008002d9c                FLASH_IRQHandler
                0x0000000008002d9c                DMA2_Stream4_IRQHandler
                0x0000000008002d9c                USART1_IRQHandler
                0x0000000008002d9c                OTG_FS_IRQHandler
                0x0000000008002d9c                SPI3_IRQHandler
                0x0000000008002d9c                DMA1_Stream4_IRQHandler
                0x0000000008002d9c                I2C1_ER_IRQHandler
                0x0000000008002d9c                FMC_IRQHandler
                0x0000000008002d9c                DMA2_Stream6_IRQHandler
                0x0000000008002d9c                SAI1_IRQHandler
                0x0000000008002d9c                DMA1_Stream3_IRQHandler
 *fill*         0x0000000008002d9e        0x2 
 .text.HAL_Init
                0x0000000008002da0       0x44 ./Drivers/STM32F4xx_HAL_Driver/Src/stm32f4xx_hal.o
                0x0000000008002da0                HAL_Init
 .text.HAL_IncTick
                0x0000000008002de4       0x28 ./Drivers/STM32F4xx_HAL_Driver/Src/stm32f4xx_hal.o
                0x0000000008002de4                HAL_IncTick
 .text.HAL_GetTick
                0x0000000008002e0c       0x18 ./Drivers/STM32F4xx_HAL_Driver/Src/stm32f4xx_hal.o
                0x0000000008002e0c                HAL_GetTick
 .text.HAL_Delay
                0x0000000008002e24       0x48 ./Drivers/STM32F4xx_HAL_Driver/Src/stm32f4xx_hal.o
                0x0000000008002e24                HAL_Delay
 .text.__NVIC_SetPriorityGrouping
                0x0000000008002e6c       0x48 ./Drivers/STM32F4xx_HAL_Driver/Src/stm32f4xx_hal_cortex.o
 .text.__NVIC_GetPriorityGrouping
                0x0000000008002eb4       0x1c ./Drivers/STM32F4xx_HAL_Driver/Src/stm32f4xx_hal_cortex.o
 .text.__NVIC_EnableIRQ
                0x0000000008002ed0       0x3c ./Drivers/STM32F4xx_HAL_Driver/Src/stm32f4xx_hal_cortex.o
 .text.__NVIC_SetPriority
                0x0000000008002f0c       0x54 ./Drivers/STM32F4xx_HAL_Driver/Src/stm32f4xx_hal_cortex.o
 .text.NVIC_EncodePriority
                0x0000000008002f60       0x66 ./Drivers/STM32F4xx_HAL_Driver/Src/stm32f4xx_hal_cortex.o
 .text.HAL_NVIC_SetPriorityGrouping
                0x0000000008002fc6       0x16 ./Drivers/STM32F4xx_HAL_Driver/Src/stm32f4xx_hal_cortex.o
                0x0000000008002fc6                HAL_NVIC_SetPriorityGrouping
 .text.HAL_NVIC_SetPriority
                0x0000000008002fdc       0x38 ./Drivers/STM32F4xx_HAL_Driver/Src/stm32f4xx_hal_cortex.o
                0x0000000008002fdc                HAL_NVIC_SetPriority
 .text.HAL_NVIC_EnableIRQ
                0x0000000008003014       0x1c ./Drivers/STM32F4xx_HAL_Driver/Src/stm32f4xx_hal_cortex.o
                0x0000000008003014                HAL_NVIC_EnableIRQ
 .text.HAL_DMA_Init
                0x0000000008003030      0x15c ./Drivers/STM32F4xx_HAL_Driver/Src/stm32f4xx_hal_dma.o
                0x0000000008003030                HAL_DMA_Init
 .text.HAL_DMA_Start_IT
                0x000000000800318c       0xb0 ./Drivers/STM32F4xx_HAL_Driver/Src/stm32f4xx_hal_dma.o
                0x000000000800318c                HAL_DMA_Start_IT
 .text.HAL_DMA_Abort_IT
                0x000000000800323c       0x44 ./Drivers/STM32F4xx_HAL_Driver/Src/stm32f4xx_hal_dma.o
                0x000000000800323c                HAL_DMA_Abort_IT
 .text.HAL_DMA_IRQHandler
                0x0000000008003280      0x314 ./Drivers/STM32F4xx_HAL_Driver/Src/stm32f4xx_hal_dma.o
                0x0000000008003280                HAL_DMA_IRQHandler
 .text.DMA_SetConfig
                0x0000000008003594       0x5c ./Drivers/STM32F4xx_HAL_Driver/Src/stm32f4xx_hal_dma.o
 .text.DMA_CalcBaseAndBitshift
                0x00000000080035f0       0x6c ./Drivers/STM32F4xx_HAL_Driver/Src/stm32f4xx_hal_dma.o
 .text.DMA_CheckFifoParam
                0x000000000800365c       0xf8 ./Drivers/STM32F4xx_HAL_Driver/Src/stm32f4xx_hal_dma.o
 .text.HAL_GPIO_Init
                0x0000000008003754      0x328 ./Drivers/STM32F4xx_HAL_Driver/Src/stm32f4xx_hal_gpio.o
                0x0000000008003754                HAL_GPIO_Init
 .text.HAL_GPIO_ReadPin
                0x0000000008003a7c       0x30 ./Drivers/STM32F4xx_HAL_Driver/Src/stm32f4xx_hal_gpio.o
                0x0000000008003a7c                HAL_GPIO_ReadPin
 .text.HAL_GPIO_WritePin
                0x0000000008003aac       0x32 ./Drivers/STM32F4xx_HAL_Driver/Src/stm32f4xx_hal_gpio.o
                0x0000000008003aac                HAL_GPIO_WritePin
 *fill*         0x0000000008003ade        0x2 
 .text.HAL_GPIO_EXTI_IRQHandler
                0x0000000008003ae0       0x30 ./Drivers/STM32F4xx_HAL_Driver/Src/stm32f4xx_hal_gpio.o
                0x0000000008003ae0                HAL_GPIO_EXTI_IRQHandler
 .text.HAL_GPIO_EXTI_Callback
                0x0000000008003b10       0x16 ./Drivers/STM32F4xx_HAL_Driver/Src/stm32f4xx_hal_gpio.o
                0x0000000008003b10                HAL_GPIO_EXTI_Callback
 *fill*         0x0000000008003b26        0x2 
 .text.HAL_PWREx_EnableOverDrive
                0x0000000008003b28       0xa0 ./Drivers/STM32F4xx_HAL_Driver/Src/stm32f4xx_hal_pwr_ex.o
                0x0000000008003b28                HAL_PWREx_EnableOverDrive
 .text.HAL_RCC_ClockConfig
                0x0000000008003bc8      0x1cc ./Drivers/STM32F4xx_HAL_Driver/Src/stm32f4xx_hal_rcc.o
                0x0000000008003bc8                HAL_RCC_ClockConfig
 .text.HAL_RCC_GetHCLKFreq
                0x0000000008003d94       0x18 ./Drivers/STM32F4xx_HAL_Driver/Src/stm32f4xx_hal_rcc.o
                0x0000000008003d94                HAL_RCC_GetHCLKFreq
 .text.HAL_RCC_GetPCLK1Freq
                0x0000000008003dac       0x28 ./Drivers/STM32F4xx_HAL_Driver/Src/stm32f4xx_hal_rcc.o
                0x0000000008003dac                HAL_RCC_GetPCLK1Freq
 .text.HAL_RCC_GetPCLK2Freq
                0x0000000008003dd4       0x28 ./Drivers/STM32F4xx_HAL_Driver/Src/stm32f4xx_hal_rcc.o
                0x0000000008003dd4                HAL_RCC_GetPCLK2Freq
 .text.HAL_RCC_GetClockConfig
                0x0000000008003dfc       0x64 ./Drivers/STM32F4xx_HAL_Driver/Src/stm32f4xx_hal_rcc.o
                0x0000000008003dfc                HAL_RCC_GetClockConfig
 .text.HAL_RCCEx_PeriphCLKConfig
                0x0000000008003e60      0x654 ./Drivers/STM32F4xx_HAL_Driver/Src/stm32f4xx_hal_rcc_ex.o
                0x0000000008003e60                HAL_RCCEx_PeriphCLKConfig
 .text.HAL_RCC_GetSysClockFreq
                0x00000000080044b4      0x460 ./Drivers/STM32F4xx_HAL_Driver/Src/stm32f4xx_hal_rcc_ex.o
                0x00000000080044b4                HAL_RCC_GetSysClockFreq
 .text.HAL_RCC_OscConfig
                0x0000000008004914      0x53c ./Drivers/STM32F4xx_HAL_Driver/Src/stm32f4xx_hal_rcc_ex.o
                0x0000000008004914                HAL_RCC_OscConfig
 .text.HAL_RTC_Init
                0x0000000008004e50       0xec ./Drivers/STM32F4xx_HAL_Driver/Src/stm32f4xx_hal_rtc.o
                0x0000000008004e50                HAL_RTC_Init
 .text.HAL_RTC_SetTime
                0x0000000008004f3c      0x134 ./Drivers/STM32F4xx_HAL_Driver/Src/stm32f4xx_hal_rtc.o
                0x0000000008004f3c                HAL_RTC_SetTime
 .text.HAL_RTC_GetTime
                0x0000000008005070       0xbc ./Drivers/STM32F4xx_HAL_Driver/Src/stm32f4xx_hal_rtc.o
                0x0000000008005070                HAL_RTC_GetTime
 .text.HAL_RTC_SetDate
                0x000000000800512c      0x108 ./Drivers/STM32F4xx_HAL_Driver/Src/stm32f4xx_hal_rtc.o
                0x000000000800512c                HAL_RTC_SetDate
 .text.HAL_RTC_GetDate
                0x0000000008005234       0x9e ./Drivers/STM32F4xx_HAL_Driver/Src/stm32f4xx_hal_rtc.o
                0x0000000008005234                HAL_RTC_GetDate
 *fill*         0x00000000080052d2        0x2 
 .text.HAL_RTC_SetAlarm_IT
                0x00000000080052d4      0x284 ./Drivers/STM32F4xx_HAL_Driver/Src/stm32f4xx_hal_rtc.o
                0x00000000080052d4                HAL_RTC_SetAlarm_IT
 .text.HAL_RTC_DeactivateAlarm
                0x0000000008005558      0x11a ./Drivers/STM32F4xx_HAL_Driver/Src/stm32f4xx_hal_rtc.o
                0x0000000008005558                HAL_RTC_DeactivateAlarm
 *fill*         0x0000000008005672        0x2 
 .text.HAL_RTC_AlarmIRQHandler
                0x0000000008005674       0x8c ./Drivers/STM32F4xx_HAL_Driver/Src/stm32f4xx_hal_rtc.o
                0x0000000008005674                HAL_RTC_AlarmIRQHandler
 .text.HAL_RTC_AlarmAEventCallback
                0x0000000008005700       0x14 ./Drivers/STM32F4xx_HAL_Driver/Src/stm32f4xx_hal_rtc.o
                0x0000000008005700                HAL_RTC_AlarmAEventCallback
 .text.HAL_RTC_WaitForSynchro
                0x0000000008005714       0x50 ./Drivers/STM32F4xx_HAL_Driver/Src/stm32f4xx_hal_rtc.o
                0x0000000008005714                HAL_RTC_WaitForSynchro
 .text.RTC_EnterInitMode
                0x0000000008005764       0x6e ./Drivers/STM32F4xx_HAL_Driver/Src/stm32f4xx_hal_rtc.o
                0x0000000008005764                RTC_EnterInitMode
 .text.RTC_ExitInitMode
                0x00000000080057d2       0x4a ./Drivers/STM32F4xx_HAL_Driver/Src/stm32f4xx_hal_rtc.o
                0x00000000080057d2                RTC_ExitInitMode
 .text.RTC_ByteToBcd2
                0x000000000800581c       0x3a ./Drivers/STM32F4xx_HAL_Driver/Src/stm32f4xx_hal_rtc.o
                0x000000000800581c                RTC_ByteToBcd2
 .text.RTC_Bcd2ToByte
                0x0000000008005856       0x38 ./Drivers/STM32F4xx_HAL_Driver/Src/stm32f4xx_hal_rtc.o
                0x0000000008005856                RTC_Bcd2ToByte
 .text.HAL_RTCEx_AlarmBEventCallback
                0x000000000800588e       0x14 ./Drivers/STM32F4xx_HAL_Driver/Src/stm32f4xx_hal_rtc_ex.o
                0x000000000800588e                HAL_RTCEx_AlarmBEventCallback
 .text.HAL_SPI_Init
                0x00000000080058a2      0x112 ./Drivers/STM32F4xx_HAL_Driver/Src/stm32f4xx_hal_spi.o
                0x00000000080058a2                HAL_SPI_Init
 .text.HAL_SPI_Transmit
                0x00000000080059b4      0x278 ./Drivers/STM32F4xx_HAL_Driver/Src/stm32f4xx_hal_spi.o
                0x00000000080059b4                HAL_SPI_Transmit
 .text.HAL_SPI_Receive
                0x0000000008005c2c      0x222 ./Drivers/STM32F4xx_HAL_Driver/Src/stm32f4xx_hal_spi.o
                0x0000000008005c2c                HAL_SPI_Receive
 .text.HAL_SPI_TransmitReceive
                0x0000000008005e4e      0x344 ./Drivers/STM32F4xx_HAL_Driver/Src/stm32f4xx_hal_spi.o
                0x0000000008005e4e                HAL_SPI_TransmitReceive
 *fill*         0x0000000008006192        0x2 
 .text.HAL_SPI_Transmit_DMA
                0x0000000008006194      0x16c ./Drivers/STM32F4xx_HAL_Driver/Src/stm32f4xx_hal_spi.o
                0x0000000008006194                HAL_SPI_Transmit_DMA
 .text.HAL_SPI_IRQHandler
                0x0000000008006300      0x200 ./Drivers/STM32F4xx_HAL_Driver/Src/stm32f4xx_hal_spi.o
                0x0000000008006300                HAL_SPI_IRQHandler
 .text.HAL_SPI_TxHalfCpltCallback
                0x0000000008006500       0x14 ./Drivers/STM32F4xx_HAL_Driver/Src/stm32f4xx_hal_spi.o
                0x0000000008006500                HAL_SPI_TxHalfCpltCallback
 .text.HAL_SPI_ErrorCallback
                0x0000000008006514       0x14 ./Drivers/STM32F4xx_HAL_Driver/Src/stm32f4xx_hal_spi.o
                0x0000000008006514                HAL_SPI_ErrorCallback
 .text.HAL_SPI_GetState
                0x0000000008006528       0x1c ./Drivers/STM32F4xx_HAL_Driver/Src/stm32f4xx_hal_spi.o
                0x0000000008006528                HAL_SPI_GetState
 .text.SPI_DMATransmitCplt
                0x0000000008006544       0xa8 ./Drivers/STM32F4xx_HAL_Driver/Src/stm32f4xx_hal_spi.o
 .text.SPI_DMAHalfTransmitCplt
                0x00000000080065ec       0x1c ./Drivers/STM32F4xx_HAL_Driver/Src/stm32f4xx_hal_spi.o
 .text.SPI_DMAError
                0x0000000008006608       0x40 ./Drivers/STM32F4xx_HAL_Driver/Src/stm32f4xx_hal_spi.o
 .text.SPI_DMAAbortOnError
                0x0000000008006648       0x28 ./Drivers/STM32F4xx_HAL_Driver/Src/stm32f4xx_hal_spi.o
 .text.SPI_WaitFlagStateUntilTimeout
                0x0000000008006670      0x110 ./Drivers/STM32F4xx_HAL_Driver/Src/stm32f4xx_hal_spi.o
 .text.SPI_EndRxTransaction
                0x0000000008006780       0xca ./Drivers/STM32F4xx_HAL_Driver/Src/stm32f4xx_hal_spi.o
 *fill*         0x000000000800684a        0x2 
 .text.SPI_EndRxTxTransaction
                0x000000000800684c       0x84 ./Drivers/STM32F4xx_HAL_Driver/Src/stm32f4xx_hal_spi.o
 .text.HAL_TIM_Base_Init
                0x00000000080068d0       0x9e ./Drivers/STM32F4xx_HAL_Driver/Src/stm32f4xx_hal_tim.o
                0x00000000080068d0                HAL_TIM_Base_Init
 .text.HAL_TIM_Base_MspInit
                0x000000000800696e       0x14 ./Drivers/STM32F4xx_HAL_Driver/Src/stm32f4xx_hal_tim.o
                0x000000000800696e                HAL_TIM_Base_MspInit
 *fill*         0x0000000008006982        0x2 
 .text.HAL_TIM_Base_Start_IT
                0x0000000008006984       0xe0 ./Drivers/STM32F4xx_HAL_Driver/Src/stm32f4xx_hal_tim.o
                0x0000000008006984                HAL_TIM_Base_Start_IT
 .text.HAL_TIM_IRQHandler
                0x0000000008006a64      0x210 ./Drivers/STM32F4xx_HAL_Driver/Src/stm32f4xx_hal_tim.o
                0x0000000008006a64                HAL_TIM_IRQHandler
 .text.HAL_TIM_OC_DelayElapsedCallback
                0x0000000008006c74       0x14 ./Drivers/STM32F4xx_HAL_Driver/Src/stm32f4xx_hal_tim.o
                0x0000000008006c74                HAL_TIM_OC_DelayElapsedCallback
 .text.HAL_TIM_IC_CaptureCallback
                0x0000000008006c88       0x14 ./Drivers/STM32F4xx_HAL_Driver/Src/stm32f4xx_hal_tim.o
                0x0000000008006c88                HAL_TIM_IC_CaptureCallback
 .text.HAL_TIM_PWM_PulseFinishedCallback
                0x0000000008006c9c       0x14 ./Drivers/STM32F4xx_HAL_Driver/Src/stm32f4xx_hal_tim.o
                0x0000000008006c9c                HAL_TIM_PWM_PulseFinishedCallback
 .text.HAL_TIM_TriggerCallback
                0x0000000008006cb0       0x14 ./Drivers/STM32F4xx_HAL_Driver/Src/stm32f4xx_hal_tim.o
                0x0000000008006cb0                HAL_TIM_TriggerCallback
 .text.TIM_Base_SetConfig
                0x0000000008006cc4      0x140 ./Drivers/STM32F4xx_HAL_Driver/Src/stm32f4xx_hal_tim.o
                0x0000000008006cc4                TIM_Base_SetConfig
 .text.HAL_TIMEx_CommutCallback
                0x0000000008006e04       0x14 ./Drivers/STM32F4xx_HAL_Driver/Src/stm32f4xx_hal_tim_ex.o
                0x0000000008006e04                HAL_TIMEx_CommutCallback
 .text.HAL_TIMEx_BreakCallback
                0x0000000008006e18       0x14 ./Drivers/STM32F4xx_HAL_Driver/Src/stm32f4xx_hal_tim_ex.o
                0x0000000008006e18                HAL_TIMEx_BreakCallback
 .text.HAL_UART_Init
                0x0000000008006e2c       0x9a ./Drivers/STM32F4xx_HAL_Driver/Src/stm32f4xx_hal_uart.o
                0x0000000008006e2c                HAL_UART_Init
 *fill*         0x0000000008006ec6        0x2 
 .text.UART_SetConfig
                0x0000000008006ec8      0x4e8 ./Drivers/STM32F4xx_HAL_Driver/Src/stm32f4xx_hal_uart.o
 .text.makeFreeRtosPriority
                0x00000000080073b0       0x30 ./Middlewares/Third_Party/FreeRTOS/Source/CMSIS_RTOS/cmsis_os.o
 .text.osKernelStart
                0x00000000080073e0        0xe ./Middlewares/Third_Party/FreeRTOS/Source/CMSIS_RTOS/cmsis_os.o
                0x00000000080073e0                osKernelStart
 .text.osThreadCreate
                0x00000000080073ee       0x98 ./Middlewares/Third_Party/FreeRTOS/Source/CMSIS_RTOS/cmsis_os.o
                0x00000000080073ee                osThreadCreate
 .text.osDelay  0x0000000008007486       0x28 ./Middlewares/Third_Party/FreeRTOS/Source/CMSIS_RTOS/cmsis_os.o
                0x0000000008007486                osDelay
 .text.vListInitialise
                0x00000000080074ae       0x40 ./Middlewares/Third_Party/FreeRTOS/Source/list.o
                0x00000000080074ae                vListInitialise
 .text.vListInitialiseItem
                0x00000000080074ee       0x1a ./Middlewares/Third_Party/FreeRTOS/Source/list.o
                0x00000000080074ee                vListInitialiseItem
 .text.vListInsertEnd
                0x0000000008007508       0x48 ./Middlewares/Third_Party/FreeRTOS/Source/list.o
                0x0000000008007508                vListInsertEnd
 .text.vListInsert
                0x0000000008007550       0x72 ./Middlewares/Third_Party/FreeRTOS/Source/list.o
                0x0000000008007550                vListInsert
 .text.uxListRemove
                0x00000000080075c2       0x54 ./Middlewares/Third_Party/FreeRTOS/Source/list.o
                0x00000000080075c2                uxListRemove
 .text.xTaskCreateStatic
                0x0000000008007616       0xba ./Middlewares/Third_Party/FreeRTOS/Source/tasks.o
                0x0000000008007616                xTaskCreateStatic
 .text.xTaskCreate
                0x00000000080076d0       0x8a ./Middlewares/Third_Party/FreeRTOS/Source/tasks.o
                0x00000000080076d0                xTaskCreate
 *fill*         0x000000000800775a        0x2 
 .text.prvInitialiseNewTask
                0x000000000800775c      0x13c ./Middlewares/Third_Party/FreeRTOS/Source/tasks.o
 .text.prvAddNewTaskToReadyList
                0x0000000008007898       0xd4 ./Middlewares/Third_Party/FreeRTOS/Source/tasks.o
 .text.vTaskDelay
                0x000000000800796c       0x68 ./Middlewares/Third_Party/FreeRTOS/Source/tasks.o
                0x000000000800796c                vTaskDelay
 .text.vTaskStartScheduler
                0x00000000080079d4       0xd4 ./Middlewares/Third_Party/FreeRTOS/Source/tasks.o
                0x00000000080079d4                vTaskStartScheduler
 .text.vTaskSuspendAll
                0x0000000008007aa8       0x1c ./Middlewares/Third_Party/FreeRTOS/Source/tasks.o
                0x0000000008007aa8                vTaskSuspendAll
 .text.xTaskResumeAll
                0x0000000008007ac4      0x138 ./Middlewares/Third_Party/FreeRTOS/Source/tasks.o
                0x0000000008007ac4                xTaskResumeAll
 .text.xTaskIncrementTick
                0x0000000008007bfc      0x170 ./Middlewares/Third_Party/FreeRTOS/Source/tasks.o
                0x0000000008007bfc                xTaskIncrementTick
 .text.vTaskSwitchContext
                0x0000000008007d6c       0xc4 ./Middlewares/Third_Party/FreeRTOS/Source/tasks.o
                0x0000000008007d6c                vTaskSwitchContext
 .text.prvIdleTask
                0x0000000008007e30       0x30 ./Middlewares/Third_Party/FreeRTOS/Source/tasks.o
 .text.prvInitialiseTaskLists
                0x0000000008007e60       0x80 ./Middlewares/Third_Party/FreeRTOS/Source/tasks.o
 .text.prvCheckTasksWaitingTermination
                0x0000000008007ee0       0x5c ./Middlewares/Third_Party/FreeRTOS/Source/tasks.o
 .text.prvDeleteTCB
                0x0000000008007f3c       0x68 ./Middlewares/Third_Party/FreeRTOS/Source/tasks.o
 .text.prvResetNextTaskUnblockTime
                0x0000000008007fa4       0x40 ./Middlewares/Third_Party/FreeRTOS/Source/tasks.o
 .text.prvAddCurrentTaskToDelayedList
                0x0000000008007fe4       0xcc ./Middlewares/Third_Party/FreeRTOS/Source/tasks.o
 .text.pxPortInitialiseStack
                0x00000000080080b0       0x68 ./Middlewares/Third_Party/FreeRTOS/Source/portable/GCC/ARM_CM4F/port.o
                0x00000000080080b0                pxPortInitialiseStack
 .text.prvTaskExitError
                0x0000000008008118       0x58 ./Middlewares/Third_Party/FreeRTOS/Source/portable/GCC/ARM_CM4F/port.o
 .text.SVC_Handler
                0x0000000008008170       0x28 ./Middlewares/Third_Party/FreeRTOS/Source/portable/GCC/ARM_CM4F/port.o
                0x0000000008008170                SVC_Handler
 .text.prvPortStartFirstTask
                0x0000000008008198       0x28 ./Middlewares/Third_Party/FreeRTOS/Source/portable/GCC/ARM_CM4F/port.o
 .text.xPortStartScheduler
                0x00000000080081c0      0x144 ./Middlewares/Third_Party/FreeRTOS/Source/portable/GCC/ARM_CM4F/port.o
                0x00000000080081c0                xPortStartScheduler
 .text.vPortEnterCritical
                0x0000000008008304       0x60 ./Middlewares/Third_Party/FreeRTOS/Source/portable/GCC/ARM_CM4F/port.o
                0x0000000008008304                vPortEnterCritical
 .text.vPortExitCritical
                0x0000000008008364       0x54 ./Middlewares/Third_Party/FreeRTOS/Source/portable/GCC/ARM_CM4F/port.o
                0x0000000008008364                vPortExitCritical
 *fill*         0x00000000080083b8        0x8 
 .text.PendSV_Handler
                0x00000000080083c0       0x68 ./Middlewares/Third_Party/FreeRTOS/Source/portable/GCC/ARM_CM4F/port.o
                0x00000000080083c0                PendSV_Handler
 .text.SysTick_Handler
                0x0000000008008428       0x44 ./Middlewares/Third_Party/FreeRTOS/Source/portable/GCC/ARM_CM4F/port.o
                0x0000000008008428                SysTick_Handler
 .text.vPortSetupTimerInterrupt
                0x000000000800846c       0x48 ./Middlewares/Third_Party/FreeRTOS/Source/portable/GCC/ARM_CM4F/port.o
                0x000000000800846c                vPortSetupTimerInterrupt
 .text.vPortEnableVFP
                0x00000000080084b4       0x14 ./Middlewares/Third_Party/FreeRTOS/Source/portable/GCC/ARM_CM4F/port.o
 .text.pvPortMalloc
                0x00000000080084c8      0x198 ./Middlewares/Third_Party/FreeRTOS/Source/portable/MemMang/heap_4.o
                0x00000000080084c8                pvPortMalloc
 .text.vPortFree
                0x0000000008008660       0xc4 ./Middlewares/Third_Party/FreeRTOS/Source/portable/MemMang/heap_4.o
                0x0000000008008660                vPortFree
 .text.prvHeapInit
                0x0000000008008724       0xc4 ./Middlewares/Third_Party/FreeRTOS/Source/portable/MemMang/heap_4.o
 .text.prvInsertBlockIntoFreeList
                0x00000000080087e8       0xb4 ./Middlewares/Third_Party/FreeRTOS/Source/portable/MemMang/heap_4.o
 .text.__errno  0x000000000800889c        0xc c:/st/stm32cubeide_1.10.1/stm32cubeide/plugins/com.st.stm32cube.ide.mcu.externaltools.gnu-tools-for-stm32.10.3-2021.10.win32_1.0.100.202210260954/tools/bin/../lib/gcc/arm-none-eabi/10.3.1/../../../../arm-none-eabi/lib/thumb/v7e-m+fp/hard\libc_nano.a(lib_a-errno.o)
                0x000000000800889c                __errno
 .text.__libc_init_array
                0x00000000080088a8       0x48 c:/st/stm32cubeide_1.10.1/stm32cubeide/plugins/com.st.stm32cube.ide.mcu.externaltools.gnu-tools-for-stm32.10.3-2021.10.win32_1.0.100.202210260954/tools/bin/../lib/gcc/arm-none-eabi/10.3.1/../../../../arm-none-eabi/lib/thumb/v7e-m+fp/hard\libc_nano.a(lib_a-init.o)
                0x00000000080088a8                __libc_init_array
 .text.__retarget_lock_acquire_recursive
                0x00000000080088f0        0x2 c:/st/stm32cubeide_1.10.1/stm32cubeide/plugins/com.st.stm32cube.ide.mcu.externaltools.gnu-tools-for-stm32.10.3-2021.10.win32_1.0.100.202210260954/tools/bin/../lib/gcc/arm-none-eabi/10.3.1/../../../../arm-none-eabi/lib/thumb/v7e-m+fp/hard\libc_nano.a(lib_a-lock.o)
                0x00000000080088f0                __retarget_lock_acquire_recursive
 .text.__retarget_lock_release_recursive
                0x00000000080088f2        0x2 c:/st/stm32cubeide_1.10.1/stm32cubeide/plugins/com.st.stm32cube.ide.mcu.externaltools.gnu-tools-for-stm32.10.3-2021.10.win32_1.0.100.202210260954/tools/bin/../lib/gcc/arm-none-eabi/10.3.1/../../../../arm-none-eabi/lib/thumb/v7e-m+fp/hard\libc_nano.a(lib_a-lock.o)
                0x00000000080088f2                __retarget_lock_release_recursive
 .text.memcpy   0x00000000080088f4       0x1c c:/st/stm32cubeide_1.10.1/stm32cubeide/plugins/com.st.stm32cube.ide.mcu.externaltools.gnu-tools-for-stm32.10.3-2021.10.win32_1.0.100.202210260954/tools/bin/../lib/gcc/arm-none-eabi/10.3.1/../../../../arm-none-eabi/lib/thumb/v7e-m+fp/hard\libc_nano.a(lib_a-memcpy-stub.o)
                0x00000000080088f4                memcpy
 .text.memset   0x0000000008008910       0x10 c:/st/stm32cubeide_1.10.1/stm32cubeide/plugins/com.st.stm32cube.ide.mcu.externaltools.gnu-tools-for-stm32.10.3-2021.10.win32_1.0.100.202210260954/tools/bin/../lib/gcc/arm-none-eabi/10.3.1/../../../../arm-none-eabi/lib/thumb/v7e-m+fp/hard\libc_nano.a(lib_a-memset.o)
                0x0000000008008910                memset
 .text.sbrk_aligned
                0x0000000008008920       0x40 c:/st/stm32cubeide_1.10.1/stm32cubeide/plugins/com.st.stm32cube.ide.mcu.externaltools.gnu-tools-for-stm32.10.3-2021.10.win32_1.0.100.202210260954/tools/bin/../lib/gcc/arm-none-eabi/10.3.1/../../../../arm-none-eabi/lib/thumb/v7e-m+fp/hard\libc_nano.a(lib_a-nano-mallocr.o)
 .text._malloc_r
                0x0000000008008960       0xe8 c:/st/stm32cubeide_1.10.1/stm32cubeide/plugins/com.st.stm32cube.ide.mcu.externaltools.gnu-tools-for-stm32.10.3-2021.10.win32_1.0.100.202210260954/tools/bin/../lib/gcc/arm-none-eabi/10.3.1/../../../../arm-none-eabi/lib/thumb/v7e-m+fp/hard\libc_nano.a(lib_a-nano-mallocr.o)
                0x0000000008008960                _malloc_r
 .text.cleanup_glue
                0x0000000008008a48       0x1a c:/st/stm32cubeide_1.10.1/stm32cubeide/plugins/com.st.stm32cube.ide.mcu.externaltools.gnu-tools-for-stm32.10.3-2021.10.win32_1.0.100.202210260954/tools/bin/../lib/gcc/arm-none-eabi/10.3.1/../../../../arm-none-eabi/lib/thumb/v7e-m+fp/hard\libc_nano.a(lib_a-reent.o)
                0x0000000008008a48                cleanup_glue
 *fill*         0x0000000008008a62        0x2 
 .text._reclaim_reent
                0x0000000008008a64       0xb8 c:/st/stm32cubeide_1.10.1/stm32cubeide/plugins/com.st.stm32cube.ide.mcu.externaltools.gnu-tools-for-stm32.10.3-2021.10.win32_1.0.100.202210260954/tools/bin/../lib/gcc/arm-none-eabi/10.3.1/../../../../arm-none-eabi/lib/thumb/v7e-m+fp/hard\libc_nano.a(lib_a-reent.o)
                0x0000000008008a64                _reclaim_reent
 .text._sbrk_r  0x0000000008008b1c       0x20 c:/st/stm32cubeide_1.10.1/stm32cubeide/plugins/com.st.stm32cube.ide.mcu.externaltools.gnu-tools-for-stm32.10.3-2021.10.win32_1.0.100.202210260954/tools/bin/../lib/gcc/arm-none-eabi/10.3.1/../../../../arm-none-eabi/lib/thumb/v7e-m+fp/hard\libc_nano.a(lib_a-sbrkr.o)
                0x0000000008008b1c                _sbrk_r
 .text.sprintf  0x0000000008008b3c       0x40 c:/st/stm32cubeide_1.10.1/stm32cubeide/plugins/com.st.stm32cube.ide.mcu.externaltools.gnu-tools-for-stm32.10.3-2021.10.win32_1.0.100.202210260954/tools/bin/../lib/gcc/arm-none-eabi/10.3.1/../../../../arm-none-eabi/lib/thumb/v7e-m+fp/hard\libc_nano.a(lib_a-sprintf.o)
                0x0000000008008b3c                siprintf
                0x0000000008008b3c                sprintf
 .text.__malloc_lock
                0x0000000008008b7c        0xc c:/st/stm32cubeide_1.10.1/stm32cubeide/plugins/com.st.stm32cube.ide.mcu.externaltools.gnu-tools-for-stm32.10.3-2021.10.win32_1.0.100.202210260954/tools/bin/../lib/gcc/arm-none-eabi/10.3.1/../../../../arm-none-eabi/lib/thumb/v7e-m+fp/hard\libc_nano.a(lib_a-mlock.o)
                0x0000000008008b7c                __malloc_lock
 .text.__malloc_unlock
                0x0000000008008b88        0xc c:/st/stm32cubeide_1.10.1/stm32cubeide/plugins/com.st.stm32cube.ide.mcu.externaltools.gnu-tools-for-stm32.10.3-2021.10.win32_1.0.100.202210260954/tools/bin/../lib/gcc/arm-none-eabi/10.3.1/../../../../arm-none-eabi/lib/thumb/v7e-m+fp/hard\libc_nano.a(lib_a-mlock.o)
                0x0000000008008b88                __malloc_unlock
 .text._free_r  0x0000000008008b94       0x98 c:/st/stm32cubeide_1.10.1/stm32cubeide/plugins/com.st.stm32cube.ide.mcu.externaltools.gnu-tools-for-stm32.10.3-2021.10.win32_1.0.100.202210260954/tools/bin/../lib/gcc/arm-none-eabi/10.3.1/../../../../arm-none-eabi/lib/thumb/v7e-m+fp/hard\libc_nano.a(lib_a-nano-freer.o)
                0x0000000008008b94                _free_r
 .text.__ssputs_r
                0x0000000008008c2c       0xb6 c:/st/stm32cubeide_1.10.1/stm32cubeide/plugins/com.st.stm32cube.ide.mcu.externaltools.gnu-tools-for-stm32.10.3-2021.10.win32_1.0.100.202210260954/tools/bin/../lib/gcc/arm-none-eabi/10.3.1/../../../../arm-none-eabi/lib/thumb/v7e-m+fp/hard\libc_nano.a(lib_a-nano-svfprintf.o)
                0x0000000008008c2c                __ssputs_r
 *fill*         0x0000000008008ce2        0x2 
 .text._svfprintf_r
                0x0000000008008ce4      0x200 c:/st/stm32cubeide_1.10.1/stm32cubeide/plugins/com.st.stm32cube.ide.mcu.externaltools.gnu-tools-for-stm32.10.3-2021.10.win32_1.0.100.202210260954/tools/bin/../lib/gcc/arm-none-eabi/10.3.1/../../../../arm-none-eabi/lib/thumb/v7e-m+fp/hard\libc_nano.a(lib_a-nano-svfprintf.o)
                0x0000000008008ce4                _svfiprintf_r
                0x0000000008008ce4                _svfprintf_r
 .text._printf_common
                0x0000000008008ee4       0xda c:/st/stm32cubeide_1.10.1/stm32cubeide/plugins/com.st.stm32cube.ide.mcu.externaltools.gnu-tools-for-stm32.10.3-2021.10.win32_1.0.100.202210260954/tools/bin/../lib/gcc/arm-none-eabi/10.3.1/../../../../arm-none-eabi/lib/thumb/v7e-m+fp/hard\libc_nano.a(lib_a-nano-vfprintf_i.o)
                0x0000000008008ee4                _printf_common
 *fill*         0x0000000008008fbe        0x2 
 .text._printf_i
                0x0000000008008fc0      0x24c c:/st/stm32cubeide_1.10.1/stm32cubeide/plugins/com.st.stm32cube.ide.mcu.externaltools.gnu-tools-for-stm32.10.3-2021.10.win32_1.0.100.202210260954/tools/bin/../lib/gcc/arm-none-eabi/10.3.1/../../../../arm-none-eabi/lib/thumb/v7e-m+fp/hard\libc_nano.a(lib_a-nano-vfprintf_i.o)
                0x0000000008008fc0                _printf_i
 .text.memmove  0x000000000800920c       0x34 c:/st/stm32cubeide_1.10.1/stm32cubeide/plugins/com.st.stm32cube.ide.mcu.externaltools.gnu-tools-for-stm32.10.3-2021.10.win32_1.0.100.202210260954/tools/bin/../lib/gcc/arm-none-eabi/10.3.1/../../../../arm-none-eabi/lib/thumb/v7e-m+fp/hard\libc_nano.a(lib_a-memmove.o)
                0x000000000800920c                memmove
 .text._realloc_r
                0x0000000008009240       0x5e c:/st/stm32cubeide_1.10.1/stm32cubeide/plugins/com.st.stm32cube.ide.mcu.externaltools.gnu-tools-for-stm32.10.3-2021.10.win32_1.0.100.202210260954/tools/bin/../lib/gcc/arm-none-eabi/10.3.1/../../../../arm-none-eabi/lib/thumb/v7e-m+fp/hard\libc_nano.a(lib_a-nano-reallocr.o)
                0x0000000008009240                _realloc_r
 .text._malloc_usable_size_r
                0x000000000800929e       0x10 c:/st/stm32cubeide_1.10.1/stm32cubeide/plugins/com.st.stm32cube.ide.mcu.externaltools.gnu-tools-for-stm32.10.3-2021.10.win32_1.0.100.202210260954/tools/bin/../lib/gcc/arm-none-eabi/10.3.1/../../../../arm-none-eabi/lib/thumb/v7e-m+fp/hard\libc_nano.a(lib_a-nano-msizer.o)
                0x000000000800929e                _malloc_usable_size_r
 *(.glue_7)
 .glue_7        0x00000000080092ae        0x0 linker stubs
 *(.glue_7t)
 .glue_7t       0x00000000080092ae        0x0 linker stubs
 *(.eh_frame)
 *fill*         0x00000000080092ae        0x2 
 .eh_frame      0x00000000080092b0        0x0 c:/st/stm32cubeide_1.10.1/stm32cubeide/plugins/com.st.stm32cube.ide.mcu.externaltools.gnu-tools-for-stm32.10.3-2021.10.win32_1.0.100.202210260954/tools/bin/../lib/gcc/arm-none-eabi/10.3.1/thumb/v7e-m+fp/hard/crtbegin.o
 *(.init)
 .init          0x00000000080092b0        0x4 c:/st/stm32cubeide_1.10.1/stm32cubeide/plugins/com.st.stm32cube.ide.mcu.externaltools.gnu-tools-for-stm32.10.3-2021.10.win32_1.0.100.202210260954/tools/bin/../lib/gcc/arm-none-eabi/10.3.1/thumb/v7e-m+fp/hard/crti.o
                0x00000000080092b0                _init
 .init          0x00000000080092b4        0x8 c:/st/stm32cubeide_1.10.1/stm32cubeide/plugins/com.st.stm32cube.ide.mcu.externaltools.gnu-tools-for-stm32.10.3-2021.10.win32_1.0.100.202210260954/tools/bin/../lib/gcc/arm-none-eabi/10.3.1/thumb/v7e-m+fp/hard/crtn.o
 *(.fini)
 .fini          0x00000000080092bc        0x4 c:/st/stm32cubeide_1.10.1/stm32cubeide/plugins/com.st.stm32cube.ide.mcu.externaltools.gnu-tools-for-stm32.10.3-2021.10.win32_1.0.100.202210260954/tools/bin/../lib/gcc/arm-none-eabi/10.3.1/thumb/v7e-m+fp/hard/crti.o
                0x00000000080092bc                _fini
 .fini          0x00000000080092c0        0x8 c:/st/stm32cubeide_1.10.1/stm32cubeide/plugins/com.st.stm32cube.ide.mcu.externaltools.gnu-tools-for-stm32.10.3-2021.10.win32_1.0.100.202210260954/tools/bin/../lib/gcc/arm-none-eabi/10.3.1/thumb/v7e-m+fp/hard/crtn.o
                0x00000000080092c8                . = ALIGN (0x4)
                0x00000000080092c8                _etext = .

.vfp11_veneer   0x00000000080092c8        0x0
 .vfp11_veneer  0x00000000080092c8        0x0 linker stubs

.v4_bx          0x00000000080092c8        0x0
 .v4_bx         0x00000000080092c8        0x0 linker stubs

.iplt           0x00000000080092c8        0x0
 .iplt          0x00000000080092c8        0x0 c:/st/stm32cubeide_1.10.1/stm32cubeide/plugins/com.st.stm32cube.ide.mcu.externaltools.gnu-tools-for-stm32.10.3-2021.10.win32_1.0.100.202210260954/tools/bin/../lib/gcc/arm-none-eabi/10.3.1/thumb/v7e-m+fp/hard/crtbegin.o

.rodata         0x00000000080092c8     0x1c08
                0x00000000080092c8                . = ALIGN (0x4)
 *(.rodata)
 .rodata        0x00000000080092c8       0x33 ./Core/Src/animation.o
 *fill*         0x00000000080092fb        0x1 
 .rodata        0x00000000080092fc        0xf ./Core/Src/canTask.o
 *fill*         0x000000000800930b        0x1 
 .rodata        0x000000000800930c       0x5f ./Core/Src/main.o
 *fill*         0x000000000800936b        0x1 
 .rodata        0x000000000800936c        0x5 ./Middlewares/Third_Party/FreeRTOS/Source/tasks.o
 *(.rodata*)
 *fill*         0x0000000008009371        0x3 
 .rodata.Arial_Narrow12x16
                0x0000000008009374      0x964 ./Core/Src/fonts.o
                0x0000000008009374                Arial_Narrow12x16
 .rodata.Arial_Narrow15x19
                0x0000000008009cd8     0x1144 ./Core/Src/fonts.o
                0x0000000008009cd8                Arial_Narrow15x19
 .rodata.AHBPrescTable
                0x000000000800ae1c       0x10 ./Core/Src/system_stm32f4xx.o
                0x000000000800ae1c                AHBPrescTable
 .rodata.APBPrescTable
                0x000000000800ae2c        0x8 ./Core/Src/system_stm32f4xx.o
                0x000000000800ae2c                APBPrescTable
 .rodata.flagBitshiftOffset.0
                0x000000000800ae34        0x8 ./Drivers/STM32F4xx_HAL_Driver/Src/stm32f4xx_hal_dma.o
 .rodata.__sf_fake_stderr
                0x000000000800ae3c       0x20 c:/st/stm32cubeide_1.10.1/stm32cubeide/plugins/com.st.stm32cube.ide.mcu.externaltools.gnu-tools-for-stm32.10.3-2021.10.win32_1.0.100.202210260954/tools/bin/../lib/gcc/arm-none-eabi/10.3.1/../../../../arm-none-eabi/lib/thumb/v7e-m+fp/hard\libc_nano.a(lib_a-findfp.o)
                0x000000000800ae3c                __sf_fake_stderr
 .rodata.__sf_fake_stdin
                0x000000000800ae5c       0x20 c:/st/stm32cubeide_1.10.1/stm32cubeide/plugins/com.st.stm32cube.ide.mcu.externaltools.gnu-tools-for-stm32.10.3-2021.10.win32_1.0.100.202210260954/tools/bin/../lib/gcc/arm-none-eabi/10.3.1/../../../../arm-none-eabi/lib/thumb/v7e-m+fp/hard\libc_nano.a(lib_a-findfp.o)
                0x000000000800ae5c                __sf_fake_stdin
 .rodata.__sf_fake_stdout
                0x000000000800ae7c       0x20 c:/st/stm32cubeide_1.10.1/stm32cubeide/plugins/com.st.stm32cube.ide.mcu.externaltools.gnu-tools-for-stm32.10.3-2021.10.win32_1.0.100.202210260954/tools/bin/../lib/gcc/arm-none-eabi/10.3.1/../../../../arm-none-eabi/lib/thumb/v7e-m+fp/hard\libc_nano.a(lib_a-findfp.o)
                0x000000000800ae7c                __sf_fake_stdout
 .rodata._svfprintf_r.str1.1
                0x000000000800ae9c       0x11 c:/st/stm32cubeide_1.10.1/stm32cubeide/plugins/com.st.stm32cube.ide.mcu.externaltools.gnu-tools-for-stm32.10.3-2021.10.win32_1.0.100.202210260954/tools/bin/../lib/gcc/arm-none-eabi/10.3.1/../../../../arm-none-eabi/lib/thumb/v7e-m+fp/hard\libc_nano.a(lib_a-nano-svfprintf.o)
 .rodata._printf_i.str1.1
                0x000000000800aead       0x22 c:/st/stm32cubeide_1.10.1/stm32cubeide/plugins/com.st.stm32cube.ide.mcu.externaltools.gnu-tools-for-stm32.10.3-2021.10.win32_1.0.100.202210260954/tools/bin/../lib/gcc/arm-none-eabi/10.3.1/../../../../arm-none-eabi/lib/thumb/v7e-m+fp/hard\libc_nano.a(lib_a-nano-vfprintf_i.o)
                0x000000000800aed0                . = ALIGN (0x4)
 *fill*         0x000000000800aecf        0x1 

.ARM.extab      0x000000000800aed0        0x0
                0x000000000800aed0                . = ALIGN (0x4)
 *(.ARM.extab* .gnu.linkonce.armextab.*)
                0x000000000800aed0                . = ALIGN (0x4)

.ARM            0x000000000800aed0        0x8
                0x000000000800aed0                . = ALIGN (0x4)
                0x000000000800aed0                __exidx_start = .
 *(.ARM.exidx*)
 .ARM.exidx     0x000000000800aed0        0x8 c:/st/stm32cubeide_1.10.1/stm32cubeide/plugins/com.st.stm32cube.ide.mcu.externaltools.gnu-tools-for-stm32.10.3-2021.10.win32_1.0.100.202210260954/tools/bin/../lib/gcc/arm-none-eabi/10.3.1/thumb/v7e-m+fp/hard\libgcc.a(_udivmoddi4.o)
                0x000000000800aed8                __exidx_end = .
                0x000000000800aed8                . = ALIGN (0x4)

.rel.dyn        0x000000000800aed8        0x0
 .rel.iplt      0x000000000800aed8        0x0 c:/st/stm32cubeide_1.10.1/stm32cubeide/plugins/com.st.stm32cube.ide.mcu.externaltools.gnu-tools-for-stm32.10.3-2021.10.win32_1.0.100.202210260954/tools/bin/../lib/gcc/arm-none-eabi/10.3.1/thumb/v7e-m+fp/hard/crtbegin.o

.preinit_array  0x000000000800aed8        0x0
                0x000000000800aed8                . = ALIGN (0x4)
                0x000000000800aed8                PROVIDE (__preinit_array_start = .)
 *(.preinit_array*)
                0x000000000800aed8                PROVIDE (__preinit_array_end = .)
                0x000000000800aed8                . = ALIGN (0x4)

.init_array     0x000000000800aed8        0x4
                0x000000000800aed8                . = ALIGN (0x4)
                0x000000000800aed8                PROVIDE (__init_array_start = .)
 *(SORT_BY_NAME(.init_array.*))
 *(.init_array*)
 .init_array    0x000000000800aed8        0x4 c:/st/stm32cubeide_1.10.1/stm32cubeide/plugins/com.st.stm32cube.ide.mcu.externaltools.gnu-tools-for-stm32.10.3-2021.10.win32_1.0.100.202210260954/tools/bin/../lib/gcc/arm-none-eabi/10.3.1/thumb/v7e-m+fp/hard/crtbegin.o
                0x000000000800aedc                PROVIDE (__init_array_end = .)
                0x000000000800aedc                . = ALIGN (0x4)

.fini_array     0x000000000800aedc        0x4
                0x000000000800aedc                . = ALIGN (0x4)
                [!provide]                        PROVIDE (__fini_array_start = .)
 *(SORT_BY_NAME(.fini_array.*))
 *(.fini_array*)
 .fini_array    0x000000000800aedc        0x4 c:/st/stm32cubeide_1.10.1/stm32cubeide/plugins/com.st.stm32cube.ide.mcu.externaltools.gnu-tools-for-stm32.10.3-2021.10.win32_1.0.100.202210260954/tools/bin/../lib/gcc/arm-none-eabi/10.3.1/thumb/v7e-m+fp/hard/crtbegin.o
                [!provide]                        PROVIDE (__fini_array_end = .)
                0x000000000800aee0                . = ALIGN (0x4)
                0x000000000800aee0                _sidata = LOADADDR (.data)

.data           0x0000000020000000       0x78 load address 0x000000000800aee0
                0x0000000020000000                . = ALIGN (0x4)
                0x0000000020000000                _sdata = .
 *(.data)
 *(.data*)
 .data.LCD_HEIGHT
                0x0000000020000000        0x2 ./Core/Src/ILI9341_STM32_Driver.o
                0x0000000020000000                LCD_HEIGHT
 .data.LCD_WIDTH
                0x0000000020000002        0x2 ./Core/Src/ILI9341_STM32_Driver.o
                0x0000000020000002                LCD_WIDTH
 .data.SystemCoreClock
                0x0000000020000004        0x4 ./Core/Src/system_stm32f4xx.o
                0x0000000020000004                SystemCoreClock
 .data.uwTickPrio
                0x0000000020000008        0x4 ./Drivers/STM32F4xx_HAL_Driver/Src/stm32f4xx_hal.o
                0x0000000020000008                uwTickPrio
 .data.uwTickFreq
                0x000000002000000c        0x1 ./Drivers/STM32F4xx_HAL_Driver/Src/stm32f4xx_hal.o
                0x000000002000000c                uwTickFreq
 *fill*         0x000000002000000d        0x3 
 .data.uxCriticalNesting
                0x0000000020000010        0x4 ./Middlewares/Third_Party/FreeRTOS/Source/portable/GCC/ARM_CM4F/port.o
 .data._impure_ptr
                0x0000000020000014        0x4 c:/st/stm32cubeide_1.10.1/stm32cubeide/plugins/com.st.stm32cube.ide.mcu.externaltools.gnu-tools-for-stm32.10.3-2021.10.win32_1.0.100.202210260954/tools/bin/../lib/gcc/arm-none-eabi/10.3.1/../../../../arm-none-eabi/lib/thumb/v7e-m+fp/hard\libc_nano.a(lib_a-impure.o)
                0x0000000020000014                _impure_ptr
 .data.impure_data
                0x0000000020000018       0x60 c:/st/stm32cubeide_1.10.1/stm32cubeide/plugins/com.st.stm32cube.ide.mcu.externaltools.gnu-tools-for-stm32.10.3-2021.10.win32_1.0.100.202210260954/tools/bin/../lib/gcc/arm-none-eabi/10.3.1/../../../../arm-none-eabi/lib/thumb/v7e-m+fp/hard\libc_nano.a(lib_a-impure.o)
 *(.RamFunc)
 *(.RamFunc*)
                0x0000000020000078                . = ALIGN (0x4)
                0x0000000020000078                _edata = .

.igot.plt       0x0000000020000078        0x0 load address 0x000000000800af58
 .igot.plt      0x0000000020000078        0x0 c:/st/stm32cubeide_1.10.1/stm32cubeide/plugins/com.st.stm32cube.ide.mcu.externaltools.gnu-tools-for-stm32.10.3-2021.10.win32_1.0.100.202210260954/tools/bin/../lib/gcc/arm-none-eabi/10.3.1/thumb/v7e-m+fp/hard/crtbegin.o
                0x0000000020000078                . = ALIGN (0x4)

.bss            0x0000000020000078     0x42b0 load address 0x000000000800af58
                0x0000000020000078                _sbss = .
                0x0000000020000078                __bss_start__ = _sbss
 *(.bss)
 .bss           0x0000000020000078       0x1c c:/st/stm32cubeide_1.10.1/stm32cubeide/plugins/com.st.stm32cube.ide.mcu.externaltools.gnu-tools-for-stm32.10.3-2021.10.win32_1.0.100.202210260954/tools/bin/../lib/gcc/arm-none-eabi/10.3.1/thumb/v7e-m+fp/hard/crtbegin.o
 *(.bss*)
 .bss.ctrlStatus
                0x0000000020000094        0x4 ./Core/Src/CANSPI.o
                0x0000000020000094                ctrlStatus
 .bss.idReg     0x0000000020000098        0x4 ./Core/Src/CANSPI.o
                0x0000000020000098                idReg
 .bss.pageSetting
                0x000000002000009c        0x7 ./Core/Src/animation.o
                0x000000002000009c                pageSetting
 *fill*         0x00000000200000a3        0x1 
 .bss.xIdleTaskTCBBuffer
                0x00000000200000a4       0xb4 ./Core/Src/freertos.o
 .bss.xIdleStack
                0x0000000020000158      0x200 ./Core/Src/freertos.o
 .bss.hrtc      0x0000000020000358       0x20 ./Core/Src/main.o
                0x0000000020000358                hrtc
 .bss.hspi1     0x0000000020000378       0x58 ./Core/Src/main.o
                0x0000000020000378                hspi1
 .bss.hspi3     0x00000000200003d0       0x58 ./Core/Src/main.o
                0x00000000200003d0                hspi3
 .bss.hdma_spi1_tx
                0x0000000020000428       0x60 ./Core/Src/main.o
                0x0000000020000428                hdma_spi1_tx
 .bss.huart2    0x0000000020000488       0x44 ./Core/Src/main.o
                0x0000000020000488                huart2
 .bss.defaultTaskHandle
                0x00000000200004cc        0x4 ./Core/Src/main.o
                0x00000000200004cc                defaultTaskHandle
 .bss.myTask02Handle
                0x00000000200004d0        0x4 ./Core/Src/main.o
                0x00000000200004d0                myTask02Handle
 .bss.sTime     0x00000000200004d4       0x14 ./Core/Src/main.o
                0x00000000200004d4                sTime
 .bss.sDate     0x00000000200004e8        0x4 ./Core/Src/main.o
                0x00000000200004e8                sDate
 .bss.sAlarm    0x00000000200004ec       0x28 ./Core/Src/main.o
                0x00000000200004ec                sAlarm
 .bss.txMessage
                0x0000000020000514       0x14 ./Core/Src/main.o
                0x0000000020000514                txMessage
 .bss.rxMessage
                0x0000000020000528       0x14 ./Core/Src/main.o
                0x0000000020000528                rxMessage
 .bss.alarmTimer
                0x000000002000053c        0x4 ./Core/Src/main.o
                0x000000002000053c                alarmTimer
 .bss.txTime    0x0000000020000540       0x32 ./Core/Src/main.o
                0x0000000020000540                txTime
 .bss.secondValue
                0x0000000020000572        0x1 ./Core/Src/main.o
                0x0000000020000572                secondValue
 *fill*         0x0000000020000573        0x1 
 .bss.htim2     0x0000000020000574       0x48 ./Core/Src/stm32f4xx_hal_timebase_tim.o
                0x0000000020000574                htim2
 .bss.__sbrk_heap_end
                0x00000000200005bc        0x4 ./Core/Src/sysmem.o
 .bss.uwTick    0x00000000200005c0        0x4 ./Drivers/STM32F4xx_HAL_Driver/Src/stm32f4xx_hal.o
                0x00000000200005c0                uwTick
 .bss.pxCurrentTCB
                0x00000000200005c4        0x4 ./Middlewares/Third_Party/FreeRTOS/Source/tasks.o
                0x00000000200005c4                pxCurrentTCB
 .bss.pxReadyTasksLists
                0x00000000200005c8       0x8c ./Middlewares/Third_Party/FreeRTOS/Source/tasks.o
 .bss.xDelayedTaskList1
                0x0000000020000654       0x14 ./Middlewares/Third_Party/FreeRTOS/Source/tasks.o
 .bss.xDelayedTaskList2
                0x0000000020000668       0x14 ./Middlewares/Third_Party/FreeRTOS/Source/tasks.o
 .bss.pxDelayedTaskList
                0x000000002000067c        0x4 ./Middlewares/Third_Party/FreeRTOS/Source/tasks.o
 .bss.pxOverflowDelayedTaskList
                0x0000000020000680        0x4 ./Middlewares/Third_Party/FreeRTOS/Source/tasks.o
 .bss.xPendingReadyList
                0x0000000020000684       0x14 ./Middlewares/Third_Party/FreeRTOS/Source/tasks.o
 .bss.xTasksWaitingTermination
                0x0000000020000698       0x14 ./Middlewares/Third_Party/FreeRTOS/Source/tasks.o
 .bss.uxDeletedTasksWaitingCleanUp
                0x00000000200006ac        0x4 ./Middlewares/Third_Party/FreeRTOS/Source/tasks.o
 .bss.xSuspendedTaskList
                0x00000000200006b0       0x14 ./Middlewares/Third_Party/FreeRTOS/Source/tasks.o
 .bss.uxCurrentNumberOfTasks
                0x00000000200006c4        0x4 ./Middlewares/Third_Party/FreeRTOS/Source/tasks.o
 .bss.xTickCount
                0x00000000200006c8        0x4 ./Middlewares/Third_Party/FreeRTOS/Source/tasks.o
 .bss.uxTopReadyPriority
                0x00000000200006cc        0x4 ./Middlewares/Third_Party/FreeRTOS/Source/tasks.o
 .bss.xSchedulerRunning
                0x00000000200006d0        0x4 ./Middlewares/Third_Party/FreeRTOS/Source/tasks.o
 .bss.xPendedTicks
                0x00000000200006d4        0x4 ./Middlewares/Third_Party/FreeRTOS/Source/tasks.o
 .bss.xYieldPending
                0x00000000200006d8        0x4 ./Middlewares/Third_Party/FreeRTOS/Source/tasks.o
 .bss.xNumOfOverflows
                0x00000000200006dc        0x4 ./Middlewares/Third_Party/FreeRTOS/Source/tasks.o
 .bss.uxTaskNumber
                0x00000000200006e0        0x4 ./Middlewares/Third_Party/FreeRTOS/Source/tasks.o
 .bss.xNextTaskUnblockTime
                0x00000000200006e4        0x4 ./Middlewares/Third_Party/FreeRTOS/Source/tasks.o
 .bss.xIdleTaskHandle
                0x00000000200006e8        0x4 ./Middlewares/Third_Party/FreeRTOS/Source/tasks.o
 .bss.uxSchedulerSuspended
                0x00000000200006ec        0x4 ./Middlewares/Third_Party/FreeRTOS/Source/tasks.o
 .bss.ucMaxSysCallPriority
                0x00000000200006f0        0x1 ./Middlewares/Third_Party/FreeRTOS/Source/portable/GCC/ARM_CM4F/port.o
 *fill*         0x00000000200006f1        0x3 
 .bss.ulMaxPRIGROUPValue
                0x00000000200006f4        0x4 ./Middlewares/Third_Party/FreeRTOS/Source/portable/GCC/ARM_CM4F/port.o
 .bss.ucHeap    0x00000000200006f8     0x3c00 ./Middlewares/Third_Party/FreeRTOS/Source/portable/MemMang/heap_4.o
 .bss.xStart    0x00000000200042f8        0x8 ./Middlewares/Third_Party/FreeRTOS/Source/portable/MemMang/heap_4.o
 .bss.pxEnd     0x0000000020004300        0x4 ./Middlewares/Third_Party/FreeRTOS/Source/portable/MemMang/heap_4.o
 .bss.xFreeBytesRemaining
                0x0000000020004304        0x4 ./Middlewares/Third_Party/FreeRTOS/Source/portable/MemMang/heap_4.o
 .bss.xMinimumEverFreeBytesRemaining
                0x0000000020004308        0x4 ./Middlewares/Third_Party/FreeRTOS/Source/portable/MemMang/heap_4.o
 .bss.xNumberOfSuccessfulAllocations
                0x000000002000430c        0x4 ./Middlewares/Third_Party/FreeRTOS/Source/portable/MemMang/heap_4.o
 .bss.xNumberOfSuccessfulFrees
                0x0000000020004310        0x4 ./Middlewares/Third_Party/FreeRTOS/Source/portable/MemMang/heap_4.o
 .bss.xBlockAllocatedBit
                0x0000000020004314        0x4 ./Middlewares/Third_Party/FreeRTOS/Source/portable/MemMang/heap_4.o
 .bss.__lock___malloc_recursive_mutex
                0x0000000020004318        0x1 c:/st/stm32cubeide_1.10.1/stm32cubeide/plugins/com.st.stm32cube.ide.mcu.externaltools.gnu-tools-for-stm32.10.3-2021.10.win32_1.0.100.202210260954/tools/bin/../lib/gcc/arm-none-eabi/10.3.1/../../../../arm-none-eabi/lib/thumb/v7e-m+fp/hard\libc_nano.a(lib_a-lock.o)
                0x0000000020004318                __lock___malloc_recursive_mutex
 *fill*         0x0000000020004319        0x3 
 .bss.__malloc_free_list
                0x000000002000431c        0x4 c:/st/stm32cubeide_1.10.1/stm32cubeide/plugins/com.st.stm32cube.ide.mcu.externaltools.gnu-tools-for-stm32.10.3-2021.10.win32_1.0.100.202210260954/tools/bin/../lib/gcc/arm-none-eabi/10.3.1/../../../../arm-none-eabi/lib/thumb/v7e-m+fp/hard\libc_nano.a(lib_a-nano-mallocr.o)
                0x000000002000431c                __malloc_free_list
 .bss.__malloc_sbrk_start
                0x0000000020004320        0x4 c:/st/stm32cubeide_1.10.1/stm32cubeide/plugins/com.st.stm32cube.ide.mcu.externaltools.gnu-tools-for-stm32.10.3-2021.10.win32_1.0.100.202210260954/tools/bin/../lib/gcc/arm-none-eabi/10.3.1/../../../../arm-none-eabi/lib/thumb/v7e-m+fp/hard\libc_nano.a(lib_a-nano-mallocr.o)
                0x0000000020004320                __malloc_sbrk_start
 .bss.errno     0x0000000020004324        0x4 c:/st/stm32cubeide_1.10.1/stm32cubeide/plugins/com.st.stm32cube.ide.mcu.externaltools.gnu-tools-for-stm32.10.3-2021.10.win32_1.0.100.202210260954/tools/bin/../lib/gcc/arm-none-eabi/10.3.1/../../../../arm-none-eabi/lib/thumb/v7e-m+fp/hard\libc_nano.a(lib_a-reent.o)
                0x0000000020004324                errno
 *(COMMON)
                0x0000000020004328                . = ALIGN (0x4)
                0x0000000020004328                _ebss = .
                0x0000000020004328                __bss_end__ = _ebss

._user_heap_stack
                0x0000000020004328      0x600 load address 0x000000000800af58
                0x0000000020004328                . = ALIGN (0x8)
                [!provide]                        PROVIDE (end = .)
                0x0000000020004328                PROVIDE (_end = .)
                0x0000000020004528                . = (. + _Min_Heap_Size)
 *fill*         0x0000000020004328      0x200 
                0x0000000020004928                . = (. + _Min_Stack_Size)
 *fill*         0x0000000020004528      0x400 
                0x0000000020004928                . = ALIGN (0x8)

/DISCARD/
 libc.a(*)
 libm.a(*)
 libgcc.a(*)

.ARM.attributes
                0x0000000000000000       0x30
 *(.ARM.attributes)
 .ARM.attributes
                0x0000000000000000       0x1e c:/st/stm32cubeide_1.10.1/stm32cubeide/plugins/com.st.stm32cube.ide.mcu.externaltools.gnu-tools-for-stm32.10.3-2021.10.win32_1.0.100.202210260954/tools/bin/../lib/gcc/arm-none-eabi/10.3.1/thumb/v7e-m+fp/hard/crti.o
 .ARM.attributes
                0x000000000000001e       0x34 c:/st/stm32cubeide_1.10.1/stm32cubeide/plugins/com.st.stm32cube.ide.mcu.externaltools.gnu-tools-for-stm32.10.3-2021.10.win32_1.0.100.202210260954/tools/bin/../lib/gcc/arm-none-eabi/10.3.1/thumb/v7e-m+fp/hard/crtbegin.o
 .ARM.attributes
                0x0000000000000052       0x34 ./Core/Src/CANSPI.o
 .ARM.attributes
                0x0000000000000086       0x34 ./Core/Src/ILI9341_GFX.o
 .ARM.attributes
                0x00000000000000ba       0x34 ./Core/Src/ILI9341_STM32_Driver.o
 .ARM.attributes
                0x00000000000000ee       0x34 ./Core/Src/MCP2515.o
 .ARM.attributes
                0x0000000000000122       0x34 ./Core/Src/animation.o
 .ARM.attributes
                0x0000000000000156       0x34 ./Core/Src/canTask.o
 .ARM.attributes
                0x000000000000018a       0x34 ./Core/Src/fonts.o
 .ARM.attributes
                0x00000000000001be       0x34 ./Core/Src/freertos.o
 .ARM.attributes
                0x00000000000001f2       0x34 ./Core/Src/main.o
 .ARM.attributes
                0x0000000000000226       0x34 ./Core/Src/stm32f4xx_hal_msp.o
 .ARM.attributes
                0x000000000000025a       0x34 ./Core/Src/stm32f4xx_hal_timebase_tim.o
 .ARM.attributes
                0x000000000000028e       0x34 ./Core/Src/stm32f4xx_it.o
 .ARM.attributes
                0x00000000000002c2       0x34 ./Core/Src/sysmem.o
 .ARM.attributes
                0x00000000000002f6       0x34 ./Core/Src/system_stm32f4xx.o
 .ARM.attributes
                0x000000000000032a       0x21 ./Core/Startup/startup_stm32f446retx.o
 .ARM.attributes
                0x000000000000034b       0x34 ./Drivers/STM32F4xx_HAL_Driver/Src/stm32f4xx_hal.o
 .ARM.attributes
                0x000000000000037f       0x34 ./Drivers/STM32F4xx_HAL_Driver/Src/stm32f4xx_hal_cortex.o
 .ARM.attributes
                0x00000000000003b3       0x34 ./Drivers/STM32F4xx_HAL_Driver/Src/stm32f4xx_hal_dma.o
 .ARM.attributes
                0x00000000000003e7       0x34 ./Drivers/STM32F4xx_HAL_Driver/Src/stm32f4xx_hal_gpio.o
 .ARM.attributes
                0x000000000000041b       0x34 ./Drivers/STM32F4xx_HAL_Driver/Src/stm32f4xx_hal_pwr_ex.o
 .ARM.attributes
                0x000000000000044f       0x34 ./Drivers/STM32F4xx_HAL_Driver/Src/stm32f4xx_hal_rcc.o
 .ARM.attributes
                0x0000000000000483       0x34 ./Drivers/STM32F4xx_HAL_Driver/Src/stm32f4xx_hal_rcc_ex.o
 .ARM.attributes
                0x00000000000004b7       0x34 ./Drivers/STM32F4xx_HAL_Driver/Src/stm32f4xx_hal_rtc.o
 .ARM.attributes
                0x00000000000004eb       0x34 ./Drivers/STM32F4xx_HAL_Driver/Src/stm32f4xx_hal_rtc_ex.o
 .ARM.attributes
                0x000000000000051f       0x34 ./Drivers/STM32F4xx_HAL_Driver/Src/stm32f4xx_hal_spi.o
 .ARM.attributes
                0x0000000000000553       0x34 ./Drivers/STM32F4xx_HAL_Driver/Src/stm32f4xx_hal_tim.o
 .ARM.attributes
                0x0000000000000587       0x34 ./Drivers/STM32F4xx_HAL_Driver/Src/stm32f4xx_hal_tim_ex.o
 .ARM.attributes
                0x00000000000005bb       0x34 ./Drivers/STM32F4xx_HAL_Driver/Src/stm32f4xx_hal_uart.o
 .ARM.attributes
                0x00000000000005ef       0x34 ./Middlewares/Third_Party/FreeRTOS/Source/CMSIS_RTOS/cmsis_os.o
 .ARM.attributes
                0x0000000000000623       0x34 ./Middlewares/Third_Party/FreeRTOS/Source/list.o
 .ARM.attributes
                0x0000000000000657       0x34 ./Middlewares/Third_Party/FreeRTOS/Source/tasks.o
 .ARM.attributes
                0x000000000000068b       0x34 ./Middlewares/Third_Party/FreeRTOS/Source/portable/GCC/ARM_CM4F/port.o
 .ARM.attributes
                0x00000000000006bf       0x34 ./Middlewares/Third_Party/FreeRTOS/Source/portable/MemMang/heap_4.o
 .ARM.attributes
                0x00000000000006f3       0x34 c:/st/stm32cubeide_1.10.1/stm32cubeide/plugins/com.st.stm32cube.ide.mcu.externaltools.gnu-tools-for-stm32.10.3-2021.10.win32_1.0.100.202210260954/tools/bin/../lib/gcc/arm-none-eabi/10.3.1/../../../../arm-none-eabi/lib/thumb/v7e-m+fp/hard\libc_nano.a(lib_a-errno.o)
 .ARM.attributes
                0x0000000000000727       0x34 c:/st/stm32cubeide_1.10.1/stm32cubeide/plugins/com.st.stm32cube.ide.mcu.externaltools.gnu-tools-for-stm32.10.3-2021.10.win32_1.0.100.202210260954/tools/bin/../lib/gcc/arm-none-eabi/10.3.1/../../../../arm-none-eabi/lib/thumb/v7e-m+fp/hard\libc_nano.a(lib_a-findfp.o)
 .ARM.attributes
                0x000000000000075b       0x34 c:/st/stm32cubeide_1.10.1/stm32cubeide/plugins/com.st.stm32cube.ide.mcu.externaltools.gnu-tools-for-stm32.10.3-2021.10.win32_1.0.100.202210260954/tools/bin/../lib/gcc/arm-none-eabi/10.3.1/../../../../arm-none-eabi/lib/thumb/v7e-m+fp/hard\libc_nano.a(lib_a-impure.o)
 .ARM.attributes
                0x000000000000078f       0x34 c:/st/stm32cubeide_1.10.1/stm32cubeide/plugins/com.st.stm32cube.ide.mcu.externaltools.gnu-tools-for-stm32.10.3-2021.10.win32_1.0.100.202210260954/tools/bin/../lib/gcc/arm-none-eabi/10.3.1/../../../../arm-none-eabi/lib/thumb/v7e-m+fp/hard\libc_nano.a(lib_a-init.o)
 .ARM.attributes
                0x00000000000007c3       0x34 c:/st/stm32cubeide_1.10.1/stm32cubeide/plugins/com.st.stm32cube.ide.mcu.externaltools.gnu-tools-for-stm32.10.3-2021.10.win32_1.0.100.202210260954/tools/bin/../lib/gcc/arm-none-eabi/10.3.1/../../../../arm-none-eabi/lib/thumb/v7e-m+fp/hard\libc_nano.a(lib_a-lock.o)
 .ARM.attributes
                0x00000000000007f7       0x34 c:/st/stm32cubeide_1.10.1/stm32cubeide/plugins/com.st.stm32cube.ide.mcu.externaltools.gnu-tools-for-stm32.10.3-2021.10.win32_1.0.100.202210260954/tools/bin/../lib/gcc/arm-none-eabi/10.3.1/../../../../arm-none-eabi/lib/thumb/v7e-m+fp/hard\libc_nano.a(lib_a-memcpy-stub.o)
 .ARM.attributes
                0x000000000000082b       0x34 c:/st/stm32cubeide_1.10.1/stm32cubeide/plugins/com.st.stm32cube.ide.mcu.externaltools.gnu-tools-for-stm32.10.3-2021.10.win32_1.0.100.202210260954/tools/bin/../lib/gcc/arm-none-eabi/10.3.1/../../../../arm-none-eabi/lib/thumb/v7e-m+fp/hard\libc_nano.a(lib_a-memset.o)
 .ARM.attributes
                0x000000000000085f       0x34 c:/st/stm32cubeide_1.10.1/stm32cubeide/plugins/com.st.stm32cube.ide.mcu.externaltools.gnu-tools-for-stm32.10.3-2021.10.win32_1.0.100.202210260954/tools/bin/../lib/gcc/arm-none-eabi/10.3.1/../../../../arm-none-eabi/lib/thumb/v7e-m+fp/hard\libc_nano.a(lib_a-nano-mallocr.o)
 .ARM.attributes
                0x0000000000000893       0x34 c:/st/stm32cubeide_1.10.1/stm32cubeide/plugins/com.st.stm32cube.ide.mcu.externaltools.gnu-tools-for-stm32.10.3-2021.10.win32_1.0.100.202210260954/tools/bin/../lib/gcc/arm-none-eabi/10.3.1/../../../../arm-none-eabi/lib/thumb/v7e-m+fp/hard\libc_nano.a(lib_a-reent.o)
 .ARM.attributes
                0x00000000000008c7       0x34 c:/st/stm32cubeide_1.10.1/stm32cubeide/plugins/com.st.stm32cube.ide.mcu.externaltools.gnu-tools-for-stm32.10.3-2021.10.win32_1.0.100.202210260954/tools/bin/../lib/gcc/arm-none-eabi/10.3.1/../../../../arm-none-eabi/lib/thumb/v7e-m+fp/hard\libc_nano.a(lib_a-sbrkr.o)
 .ARM.attributes
                0x00000000000008fb       0x34 c:/st/stm32cubeide_1.10.1/stm32cubeide/plugins/com.st.stm32cube.ide.mcu.externaltools.gnu-tools-for-stm32.10.3-2021.10.win32_1.0.100.202210260954/tools/bin/../lib/gcc/arm-none-eabi/10.3.1/../../../../arm-none-eabi/lib/thumb/v7e-m+fp/hard\libc_nano.a(lib_a-sprintf.o)
 .ARM.attributes
                0x000000000000092f       0x34 c:/st/stm32cubeide_1.10.1/stm32cubeide/plugins/com.st.stm32cube.ide.mcu.externaltools.gnu-tools-for-stm32.10.3-2021.10.win32_1.0.100.202210260954/tools/bin/../lib/gcc/arm-none-eabi/10.3.1/../../../../arm-none-eabi/lib/thumb/v7e-m+fp/hard\libc_nano.a(lib_a-mlock.o)
 .ARM.attributes
                0x0000000000000963       0x34 c:/st/stm32cubeide_1.10.1/stm32cubeide/plugins/com.st.stm32cube.ide.mcu.externaltools.gnu-tools-for-stm32.10.3-2021.10.win32_1.0.100.202210260954/tools/bin/../lib/gcc/arm-none-eabi/10.3.1/../../../../arm-none-eabi/lib/thumb/v7e-m+fp/hard\libc_nano.a(lib_a-nano-freer.o)
 .ARM.attributes
                0x0000000000000997       0x34 c:/st/stm32cubeide_1.10.1/stm32cubeide/plugins/com.st.stm32cube.ide.mcu.externaltools.gnu-tools-for-stm32.10.3-2021.10.win32_1.0.100.202210260954/tools/bin/../lib/gcc/arm-none-eabi/10.3.1/../../../../arm-none-eabi/lib/thumb/v7e-m+fp/hard\libc_nano.a(lib_a-nano-svfprintf.o)
 .ARM.attributes
                0x00000000000009cb       0x34 c:/st/stm32cubeide_1.10.1/stm32cubeide/plugins/com.st.stm32cube.ide.mcu.externaltools.gnu-tools-for-stm32.10.3-2021.10.win32_1.0.100.202210260954/tools/bin/../lib/gcc/arm-none-eabi/10.3.1/../../../../arm-none-eabi/lib/thumb/v7e-m+fp/hard\libc_nano.a(lib_a-nano-vfprintf_i.o)
 .ARM.attributes
                0x00000000000009ff       0x1c c:/st/stm32cubeide_1.10.1/stm32cubeide/plugins/com.st.stm32cube.ide.mcu.externaltools.gnu-tools-for-stm32.10.3-2021.10.win32_1.0.100.202210260954/tools/bin/../lib/gcc/arm-none-eabi/10.3.1/../../../../arm-none-eabi/lib/thumb/v7e-m+fp/hard\libc_nano.a(lib_a-memchr.o)
 .ARM.attributes
                0x0000000000000a1b       0x34 c:/st/stm32cubeide_1.10.1/stm32cubeide/plugins/com.st.stm32cube.ide.mcu.externaltools.gnu-tools-for-stm32.10.3-2021.10.win32_1.0.100.202210260954/tools/bin/../lib/gcc/arm-none-eabi/10.3.1/../../../../arm-none-eabi/lib/thumb/v7e-m+fp/hard\libc_nano.a(lib_a-memmove.o)
 .ARM.attributes
                0x0000000000000a4f       0x34 c:/st/stm32cubeide_1.10.1/stm32cubeide/plugins/com.st.stm32cube.ide.mcu.externaltools.gnu-tools-for-stm32.10.3-2021.10.win32_1.0.100.202210260954/tools/bin/../lib/gcc/arm-none-eabi/10.3.1/../../../../arm-none-eabi/lib/thumb/v7e-m+fp/hard\libc_nano.a(lib_a-nano-reallocr.o)
 .ARM.attributes
                0x0000000000000a83       0x34 c:/st/stm32cubeide_1.10.1/stm32cubeide/plugins/com.st.stm32cube.ide.mcu.externaltools.gnu-tools-for-stm32.10.3-2021.10.win32_1.0.100.202210260954/tools/bin/../lib/gcc/arm-none-eabi/10.3.1/../../../../arm-none-eabi/lib/thumb/v7e-m+fp/hard\libc_nano.a(lib_a-nano-msizer.o)
 .ARM.attributes
                0x0000000000000ab7       0x1e c:/st/stm32cubeide_1.10.1/stm32cubeide/plugins/com.st.stm32cube.ide.mcu.externaltools.gnu-tools-for-stm32.10.3-2021.10.win32_1.0.100.202210260954/tools/bin/../lib/gcc/arm-none-eabi/10.3.1/thumb/v7e-m+fp/hard\libgcc.a(_aeabi_uldivmod.o)
 .ARM.attributes
                0x0000000000000ad5       0x34 c:/st/stm32cubeide_1.10.1/stm32cubeide/plugins/com.st.stm32cube.ide.mcu.externaltools.gnu-tools-for-stm32.10.3-2021.10.win32_1.0.100.202210260954/tools/bin/../lib/gcc/arm-none-eabi/10.3.1/thumb/v7e-m+fp/hard\libgcc.a(_udivmoddi4.o)
 .ARM.attributes
                0x0000000000000b09       0x1e c:/st/stm32cubeide_1.10.1/stm32cubeide/plugins/com.st.stm32cube.ide.mcu.externaltools.gnu-tools-for-stm32.10.3-2021.10.win32_1.0.100.202210260954/tools/bin/../lib/gcc/arm-none-eabi/10.3.1/thumb/v7e-m+fp/hard\libgcc.a(_dvmd_tls.o)
 .ARM.attributes
                0x0000000000000b27       0x1e c:/st/stm32cubeide_1.10.1/stm32cubeide/plugins/com.st.stm32cube.ide.mcu.externaltools.gnu-tools-for-stm32.10.3-2021.10.win32_1.0.100.202210260954/tools/bin/../lib/gcc/arm-none-eabi/10.3.1/thumb/v7e-m+fp/hard/crtn.o
OUTPUT(019_EmbeddedProjeF44.elf elf32-littlearm)
LOAD linker stubs
LOAD c:/st/stm32cubeide_1.10.1/stm32cubeide/plugins/com.st.stm32cube.ide.mcu.externaltools.gnu-tools-for-stm32.10.3-2021.10.win32_1.0.100.202210260954/tools/bin/../lib/gcc/arm-none-eabi/10.3.1/../../../../arm-none-eabi/lib/thumb/v7e-m+fp/hard\libc.a
LOAD c:/st/stm32cubeide_1.10.1/stm32cubeide/plugins/com.st.stm32cube.ide.mcu.externaltools.gnu-tools-for-stm32.10.3-2021.10.win32_1.0.100.202210260954/tools/bin/../lib/gcc/arm-none-eabi/10.3.1/../../../../arm-none-eabi/lib/thumb/v7e-m+fp/hard\libm.a
LOAD c:/st/stm32cubeide_1.10.1/stm32cubeide/plugins/com.st.stm32cube.ide.mcu.externaltools.gnu-tools-for-stm32.10.3-2021.10.win32_1.0.100.202210260954/tools/bin/../lib/gcc/arm-none-eabi/10.3.1/thumb/v7e-m+fp/hard\libgcc.a

.debug_info     0x0000000000000000    0x1e382
 .debug_info    0x0000000000000000      0xb52 ./Core/Src/CANSPI.o
 .debug_info    0x0000000000000b52      0x744 ./Core/Src/ILI9341_GFX.o
 .debug_info    0x0000000000001296      0xc20 ./Core/Src/ILI9341_STM32_Driver.o
 .debug_info    0x0000000000001eb6      0xb26 ./Core/Src/MCP2515.o
 .debug_info    0x00000000000029dc      0x8fe ./Core/Src/animation.o
 .debug_info    0x00000000000032da      0x40b ./Core/Src/canTask.o
 .debug_info    0x00000000000036e5      0x166 ./Core/Src/fonts.o
 .debug_info    0x000000000000384b      0x9b6 ./Core/Src/freertos.o
 .debug_info    0x0000000000004201     0x29cd ./Core/Src/main.o
 .debug_info    0x0000000000006bce     0x155e ./Core/Src/stm32f4xx_hal_msp.o
 .debug_info    0x000000000000812c      0xca1 ./Core/Src/stm32f4xx_hal_timebase_tim.o
 .debug_info    0x0000000000008dcd      0xdb0 ./Core/Src/stm32f4xx_it.o
 .debug_info    0x0000000000009b7d      0x171 ./Core/Src/sysmem.o
 .debug_info    0x0000000000009cee      0x55b ./Core/Src/system_stm32f4xx.o
 .debug_info    0x000000000000a249       0x22 ./Core/Startup/startup_stm32f446retx.o
 .debug_info    0x000000000000a26b      0x9d2 ./Drivers/STM32F4xx_HAL_Driver/Src/stm32f4xx_hal.o
 .debug_info    0x000000000000ac3d      0xe39 ./Drivers/STM32F4xx_HAL_Driver/Src/stm32f4xx_hal_cortex.o
 .debug_info    0x000000000000ba76      0x94f ./Drivers/STM32F4xx_HAL_Driver/Src/stm32f4xx_hal_dma.o
 .debug_info    0x000000000000c3c5      0x7be ./Drivers/STM32F4xx_HAL_Driver/Src/stm32f4xx_hal_gpio.o
 .debug_info    0x000000000000cb83      0x702 ./Drivers/STM32F4xx_HAL_Driver/Src/stm32f4xx_hal_pwr_ex.o
 .debug_info    0x000000000000d285      0x9ab ./Drivers/STM32F4xx_HAL_Driver/Src/stm32f4xx_hal_rcc.o
 .debug_info    0x000000000000dc30      0x9ec ./Drivers/STM32F4xx_HAL_Driver/Src/stm32f4xx_hal_rcc_ex.o
 .debug_info    0x000000000000e61c      0xcf8 ./Drivers/STM32F4xx_HAL_Driver/Src/stm32f4xx_hal_rtc.o
 .debug_info    0x000000000000f314      0xfa5 ./Drivers/STM32F4xx_HAL_Driver/Src/stm32f4xx_hal_rtc_ex.o
 .debug_info    0x00000000000102b9     0x1758 ./Drivers/STM32F4xx_HAL_Driver/Src/stm32f4xx_hal_spi.o
 .debug_info    0x0000000000011a11     0x2bbe ./Drivers/STM32F4xx_HAL_Driver/Src/stm32f4xx_hal_tim.o
 .debug_info    0x00000000000145cf     0x15e0 ./Drivers/STM32F4xx_HAL_Driver/Src/stm32f4xx_hal_tim_ex.o
 .debug_info    0x0000000000015baf     0x31bc ./Drivers/STM32F4xx_HAL_Driver/Src/stm32f4xx_hal_uart.o
 .debug_info    0x0000000000018d6b     0x2352 ./Middlewares/Third_Party/FreeRTOS/Source/CMSIS_RTOS/cmsis_os.o
 .debug_info    0x000000000001b0bd      0x2d1 ./Middlewares/Third_Party/FreeRTOS/Source/list.o
 .debug_info    0x000000000001b38e     0x25e2 ./Middlewares/Third_Party/FreeRTOS/Source/tasks.o
 .debug_info    0x000000000001d970      0x507 ./Middlewares/Third_Party/FreeRTOS/Source/portable/GCC/ARM_CM4F/port.o
 .debug_info    0x000000000001de77      0x50b ./Middlewares/Third_Party/FreeRTOS/Source/portable/MemMang/heap_4.o

.debug_abbrev   0x0000000000000000     0x43d8
 .debug_abbrev  0x0000000000000000      0x1ef ./Core/Src/CANSPI.o
 .debug_abbrev  0x00000000000001ef      0x15d ./Core/Src/ILI9341_GFX.o
 .debug_abbrev  0x000000000000034c      0x27f ./Core/Src/ILI9341_STM32_Driver.o
 .debug_abbrev  0x00000000000005cb      0x267 ./Core/Src/MCP2515.o
 .debug_abbrev  0x0000000000000832      0x215 ./Core/Src/animation.o
 .debug_abbrev  0x0000000000000a47      0x18d ./Core/Src/canTask.o
 .debug_abbrev  0x0000000000000bd4       0x8b ./Core/Src/fonts.o
 .debug_abbrev  0x0000000000000c5f      0x169 ./Core/Src/freertos.o
 .debug_abbrev  0x0000000000000dc8      0x39d ./Core/Src/main.o
 .debug_abbrev  0x0000000000001165      0x234 ./Core/Src/stm32f4xx_hal_msp.o
 .debug_abbrev  0x0000000000001399      0x1e6 ./Core/Src/stm32f4xx_hal_timebase_tim.o
 .debug_abbrev  0x000000000000157f      0x197 ./Core/Src/stm32f4xx_it.o
 .debug_abbrev  0x0000000000001716       0xbb ./Core/Src/sysmem.o
 .debug_abbrev  0x00000000000017d1      0x116 ./Core/Src/system_stm32f4xx.o
 .debug_abbrev  0x00000000000018e7       0x12 ./Core/Startup/startup_stm32f446retx.o
 .debug_abbrev  0x00000000000018f9      0x20d ./Drivers/STM32F4xx_HAL_Driver/Src/stm32f4xx_hal.o