../Core/Src/MCP2515.c:40:6:MCP2515_Initialize	16	static
../Core/Src/MCP2515.c:59:6:MCP2515_SetConfigMode	16	static
../Core/Src/MCP2515.c:78:6:MCP2515_SetNormalMode	16	static
../Core/Src/MCP2515.c:97:6:MCP2515_SetSleepMode	16	static
../Core/Src/MCP2515.c:116:6:MCP2515_Reset	8	static
../Core/Src/MCP2515.c:126:9:MCP2515_ReadByte	24	static
../Core/Src/MCP2515.c:142:6:MCP2515_ReadRxSequence	16	static
../Core/Src/MCP2515.c:153:6:MCP2515_WriteByte	16	static
../Core/Src/MCP2515.c:165:6:MCP2515_WriteByteSequence	16	static
../Core/Src/MCP2515.c:177:6:MCP2515_LoadTxSequence	24	static
../Core/Src/MCP2515.c:190:6:MCP2515_LoadTxBuffer	16	static
../Core/Src/MCP2515.c:201:6:MCP2515_RequestToSend	16	static
../Core/Src/MCP2515.c:211:9:MCP2515_ReadStatus	16	static
../Core/Src/MCP2515.c:226:9:MCP2515_GetRxStatus	16	static
../Core/Src/MCP2515.c:241:6:MCP2515_BitModify	16	static
../Core/Src/MCP2515.c:254:13:SPI_Tx	16	static
../Core/Src/MCP2515.c:260:13:SPI_TxBuffer	16	static
../Core/Src/MCP2515.c:266:16:SPI_Rx	16	static
../Core/Src/MCP2515.c:274:13:SPI_RxBuffer	16	static
